[2026-05-25 23:38:01] ========== START: Provera isteklih oglasa ==========
[2026-05-25 23:38:02] ✅ Obaveštenje poslato za oglas ID 27 - 'ONLY letnja haljina' (ističe za 7 dana)
[2026-05-25 23:38:02] ✅ Obaveštenje poslato za oglas ID 28 - 'Letnja haljina ' (ističe za 7 dana)
[2026-05-25 23:38:02] ✅ Obaveštenje poslato za oglas ID 29 - 'Kosulja majca ' (ističe za 7 dana)
[2026-05-25 23:38:02] ✅ Obaveštenje poslato za oglas ID 30 - 'Košulja Tifany' (ističe za 7 dana)
[2026-05-25 23:38:03] ✅ Obaveštenje poslato za oglas ID 31 - 'Prolecna haljina' (ističe za 7 dana)
[2026-05-25 23:38:03] ✅ Obaveštenje poslato za oglas ID 32 - 'Svecana haljina' (ističe za 7 dana)
[2026-05-25 23:38:03] ✅ Obaveštenje poslato za oglas ID 33 - 'Letnja majčica' (ističe za 7 dana)
[2026-05-25 23:38:03] ✅ Obaveštenje poslato za oglas ID 34 - 'Prelepa suknica' (ističe za 7 dana)
[2026-05-25 23:38:03] ✅ Obaveštenje poslato za oglas ID 35 - 'Sive farmerke' (ističe za 7 dana)
[2026-05-25 23:38:03] ✅ Obaveštenje poslato za oglas ID 36 - 'Teksas suknjica' (ističe za 7 dana)
[2026-05-25 23:38:03] 📧 Poslato 10 obaveštenja za oglase koji ističu za 7 dana
[2026-05-25 23:38:03] ⏰ Oglas ID 7 - 'Napisi mi neki tekst' je postavljen na status 'expired'
[2026-05-25 23:38:03] 📧 Email o isteku poslat za oglas ID 7
[2026-05-25 23:38:03] ⏰ Oglas ID 9 - 'Molersko farbarski radovi' je postavljen na status 'expired'
[2026-05-25 23:38:04] 📧 Email o isteku poslat za oglas ID 9
[2026-05-25 23:38:04] ⏰ Oglas ID 10 - 'Molersko farbarski radovi' je postavljen na status 'expired'
[2026-05-25 23:38:04] 📧 Email o isteku poslat za oglas ID 10
[2026-05-25 23:38:04] ⏰ Oglas ID 11 - 'Molersko farbarski radovi' je postavljen na status 'expired'
[2026-05-25 23:38:04] 📧 Email o isteku poslat za oglas ID 11
[2026-05-25 23:38:04] ⏰ Oglas ID 12 - 'Cybex jaje' je postavljen na status 'expired'
[2026-05-25 23:38:04] 📧 Email o isteku poslat za oglas ID 12
[2026-05-25 23:38:04] ⏰ Oglas ID 13 - 'Dior sauvage' je postavljen na status 'expired'
[2026-05-25 23:38:04] 📧 Email o isteku poslat za oglas ID 13
[2026-05-25 23:38:04] ⏰ Oglas ID 15 - 'Puma patike' je postavljen na status 'expired'
[2026-05-25 23:38:04] 📧 Email o isteku poslat za oglas ID 15
[2026-05-25 23:38:04] ⏰ Oglas ID 16 - 'Kupujem Gramofonske Ploce, Kolekcije Gramofonskih Ploca' je postavljen na status 'expired'
[2026-05-25 23:38:04] 📧 Email o isteku poslat za oglas ID 16
[2026-05-25 23:38:04] ⏰ Oglas ID 17 - 'Kaiš sa kopčom 101din/kom Dužina: 60cm' je postavljen na status 'expired'
[2026-05-25 23:38:05] 📧 Email o isteku poslat za oglas ID 17
[2026-05-25 23:38:05] ⏰ Oglas ID 18 - 'Providna cerada 1303 din/m2' je postavljen na status 'expired'
[2026-05-25 23:38:05] 📧 Email o isteku poslat za oglas ID 18
[2026-05-25 23:38:05] ⏰ Oglas ID 19 - 'Cerade 680g/m2 470 din/m2' je postavljen na status 'expired'
[2026-05-25 23:38:05] 📧 Email o isteku poslat za oglas ID 19
[2026-05-25 23:38:05] ⏰ Oglas ID 20 - 'Elastično uže (tvrdo) Fi 8mm 57din/m' je postavljen na status 'expired'
[2026-05-25 23:38:05] 📧 Email o isteku poslat za oglas ID 20
[2026-05-25 23:38:05] ⏰ Oglas ID 21 - 'Carinska sajla Fi-6mm 22din/m' je postavljen na status 'expired'
[2026-05-25 23:38:06] 📧 Email o isteku poslat za oglas ID 21
[2026-05-25 23:38:06] ⏰ Oglas ID 22 - 'Ringlica okrugla Fi 12mm 3.000din/kutija (1000 kom/kutija)' je postavljen na status 'expired'
[2026-05-25 23:38:06] 📧 Email o isteku poslat za oglas ID 22
[2026-05-25 23:38:06] ⏰ Oglas ID 23 - 'Roler za ceradu ' je postavljen na status 'expired'
[2026-05-25 23:38:06] 📧 Email o isteku poslat za oglas ID 23
[2026-05-25 23:38:06] ⏰ Oglas ID 24 - 'Čičak traka crna 30 mm (zavarujuća) 94 din/m' je postavljen na status 'expired'
[2026-05-25 23:38:06] 📧 Email o isteku poslat za oglas ID 24
[2026-05-25 23:38:06] ⏰ Oglas ID 25 - 'Zatezač za ceradu ' je postavljen na status 'expired'
[2026-05-25 23:38:06] 📧 Email o isteku poslat za oglas ID 25
[2026-05-25 23:38:06] ⏰ Oglas ID 26 - 'Reflektujuća traka 288 din/m' je postavljen na status 'expired'
[2026-05-25 23:38:06] 📧 Email o isteku poslat za oglas ID 26
[2026-05-25 23:38:06] 📌 Ukupno isteklih oglasa: 18
[2026-05-25 23:38:06] 📧 Poslato 18 emailova o isteku
[2026-05-25 23:38:06] 🔄 Automatski obnovljen GOLD oglas ID 7 - 'Napisi mi neki tekst'
[2026-05-25 23:38:07] 🔄 Automatski obnovljeno 1 GOLD oglasa
[2026-05-25 23:38:07] ========== IZVEŠTAJ ==========
[2026-05-25 23:38:07] {
    "expiring_soon_notified": 10,
    "expired_processed": 18,
    "expired_emails_sent": 18,
    "auto_renewed_gold": 1,
    "old_deleted_count": 0,
    "timestamp": "2026-05-25 23:38:07"
}
[2026-05-25 23:38:07] ========== KRAJ ==========
[2026-05-26 02:00:01] ========== START: Provera isteklih oglasa ==========
[2026-05-26 02:00:01] 📧 Poslato 0 obaveštenja za oglase koji ističu za 7 dana
[2026-05-26 02:00:01] 📌 Ukupno isteklih oglasa: 0
[2026-05-26 02:00:01] 📧 Poslato 0 emailova o isteku
[2026-05-26 02:00:01] 🔄 Automatski obnovljeno 0 GOLD oglasa
[2026-05-26 02:00:01] ========== IZVEŠTAJ ==========
[2026-05-26 02:00:01] {
    "expiring_soon_notified": 0,
    "expired_processed": 0,
    "expired_emails_sent": 0,
    "auto_renewed_gold": 0,
    "old_deleted_count": 0,
    "timestamp": "2026-05-26 02:00:01"
}
[2026-05-26 02:00:01] ========== KRAJ ==========
[2026-05-27 02:00:01] ========== START: Provera isteklih oglasa ==========
[2026-05-27 02:00:01] 📧 Poslato 0 obaveštenja za oglase koji ističu za 7 dana
[2026-05-27 02:00:01] 📌 Ukupno isteklih oglasa: 0
[2026-05-27 02:00:01] 📧 Poslato 0 emailova o isteku
[2026-05-27 02:00:01] 🔄 Automatski obnovljeno 0 GOLD oglasa
[2026-05-27 02:00:01] ========== IZVEŠTAJ ==========
[2026-05-27 02:00:01] {
    "expiring_soon_notified": 0,
    "expired_processed": 0,
    "expired_emails_sent": 0,
    "auto_renewed_gold": 0,
    "old_deleted_count": 0,
    "timestamp": "2026-05-27 02:00:01"
}
[2026-05-27 02:00:01] ========== KRAJ ==========
[2026-05-28 02:00:01] ========== START: Provera isteklih oglasa ==========
[2026-05-28 02:00:01] 📧 Poslato 0 obaveštenja za oglase koji ističu za 7 dana
[2026-05-28 02:00:01] 📌 Ukupno isteklih oglasa: 0
[2026-05-28 02:00:01] 📧 Poslato 0 emailova o isteku
[2026-05-28 02:00:01] 🔄 Automatski obnovljeno 0 GOLD oglasa
[2026-05-28 02:00:01] ========== IZVEŠTAJ ==========
[2026-05-28 02:00:01] {
    "expiring_soon_notified": 0,
    "expired_processed": 0,
    "expired_emails_sent": 0,
    "auto_renewed_gold": 0,
    "old_deleted_count": 0,
    "timestamp": "2026-05-28 02:00:01"
}
[2026-05-28 02:00:01] ========== KRAJ ==========
[2026-05-29 02:00:01] ========== START: Provera isteklih oglasa ==========
[2026-05-29 02:00:01] 📧 Poslato 0 obaveštenja za oglase koji ističu za 7 dana
[2026-05-29 02:00:01] 📌 Ukupno isteklih oglasa: 0
[2026-05-29 02:00:01] 📧 Poslato 0 emailova o isteku
[2026-05-29 02:00:01] 🔄 Automatski obnovljeno 0 GOLD oglasa
[2026-05-29 02:00:01] ========== IZVEŠTAJ ==========
[2026-05-29 02:00:01] {
    "expiring_soon_notified": 0,
    "expired_processed": 0,
    "expired_emails_sent": 0,
    "auto_renewed_gold": 0,
    "old_deleted_count": 0,
    "timestamp": "2026-05-29 02:00:01"
}
[2026-05-29 02:00:01] ========== KRAJ ==========
[2026-05-30 02:00:01] ========== START: Provera isteklih oglasa ==========
[2026-05-30 02:00:01] 📧 Poslato 0 obaveštenja za oglase koji ističu za 7 dana
[2026-05-30 02:00:01] 📌 Ukupno isteklih oglasa: 0
[2026-05-30 02:00:01] 📧 Poslato 0 emailova o isteku
[2026-05-30 02:00:01] 🔄 Automatski obnovljeno 0 GOLD oglasa
[2026-05-30 02:00:01] ========== IZVEŠTAJ ==========
[2026-05-30 02:00:01] {
    "expiring_soon_notified": 0,
    "expired_processed": 0,
    "expired_emails_sent": 0,
    "auto_renewed_gold": 0,
    "old_deleted_count": 0,
    "timestamp": "2026-05-30 02:00:01"
}
[2026-05-30 02:00:01] ========== KRAJ ==========
[2026-05-31 02:00:02] ========== START: Provera isteklih oglasa ==========
[2026-05-31 02:00:02] 📧 Poslato 0 obaveštenja za oglase koji ističu za 7 dana
[2026-05-31 02:00:02] 📌 Ukupno isteklih oglasa: 0
[2026-05-31 02:00:02] 📧 Poslato 0 emailova o isteku
[2026-05-31 02:00:02] 🔄 Automatski obnovljeno 0 GOLD oglasa
[2026-05-31 02:00:02] ========== IZVEŠTAJ ==========
[2026-05-31 02:00:02] {
    "expiring_soon_notified": 0,
    "expired_processed": 0,
    "expired_emails_sent": 0,
    "auto_renewed_gold": 0,
    "old_deleted_count": 0,
    "timestamp": "2026-05-31 02:00:02"
}
[2026-05-31 02:00:02] ========== KRAJ ==========
[2026-06-01 02:00:02] ========== START: Provera isteklih oglasa ==========
[2026-06-01 02:00:02] 📧 Poslato 0 obaveštenja za oglase koji ističu za 7 dana
[2026-06-01 02:00:02] 📌 Ukupno isteklih oglasa: 0
[2026-06-01 02:00:02] 📧 Poslato 0 emailova o isteku
[2026-06-01 02:00:02] 🔄 Automatski obnovljeno 0 GOLD oglasa
[2026-06-01 02:00:02] ========== IZVEŠTAJ ==========
[2026-06-01 02:00:02] {
    "expiring_soon_notified": 0,
    "expired_processed": 0,
    "expired_emails_sent": 0,
    "auto_renewed_gold": 0,
    "old_deleted_count": 0,
    "timestamp": "2026-06-01 02:00:02"
}
[2026-06-01 02:00:02] ========== KRAJ ==========
[2026-06-02 02:00:01] ========== START: Provera isteklih oglasa ==========
[2026-06-02 02:00:01] 📧 Poslato 0 obaveštenja za oglase koji ističu za 7 dana
[2026-06-02 02:00:01] ⏰ Oglas ID 27 - 'ONLY letnja haljina' je postavljen na status 'expired'
[2026-06-02 02:00:02] 📧 Email o isteku poslat za oglas ID 27
[2026-06-02 02:00:02] ⏰ Oglas ID 28 - 'Letnja haljina ' je postavljen na status 'expired'
[2026-06-02 02:00:03] 📧 Email o isteku poslat za oglas ID 28
[2026-06-02 02:00:03] ⏰ Oglas ID 29 - 'Kosulja majca ' je postavljen na status 'expired'
[2026-06-02 02:00:03] 📧 Email o isteku poslat za oglas ID 29
[2026-06-02 02:00:03] ⏰ Oglas ID 30 - 'Košulja Tifany' je postavljen na status 'expired'
[2026-06-02 02:00:03] 📧 Email o isteku poslat za oglas ID 30
[2026-06-02 02:00:03] ⏰ Oglas ID 31 - 'Prolecna haljina' je postavljen na status 'expired'
[2026-06-02 02:00:03] 📧 Email o isteku poslat za oglas ID 31
[2026-06-02 02:00:03] ⏰ Oglas ID 32 - 'Svecana haljina' je postavljen na status 'expired'
[2026-06-02 02:00:03] 📧 Email o isteku poslat za oglas ID 32
[2026-06-02 02:00:03] ⏰ Oglas ID 33 - 'Letnja majčica' je postavljen na status 'expired'
[2026-06-02 02:00:03] 📧 Email o isteku poslat za oglas ID 33
[2026-06-02 02:00:03] ⏰ Oglas ID 34 - 'Prelepa suknica' je postavljen na status 'expired'
[2026-06-02 02:00:03] 📧 Email o isteku poslat za oglas ID 34
[2026-06-02 02:00:03] ⏰ Oglas ID 35 - 'Sive farmerke' je postavljen na status 'expired'
[2026-06-02 02:00:03] 📧 Email o isteku poslat za oglas ID 35
[2026-06-02 02:00:03] ⏰ Oglas ID 36 - 'Teksas suknjica' je postavljen na status 'expired'
[2026-06-02 02:00:03] 📧 Email o isteku poslat za oglas ID 36
[2026-06-02 02:00:03] 📌 Ukupno isteklih oglasa: 10
[2026-06-02 02:00:03] 📧 Poslato 10 emailova o isteku
[2026-06-02 02:00:03] 🔄 Automatski obnovljeno 0 GOLD oglasa
[2026-06-02 02:00:03] ========== IZVEŠTAJ ==========
[2026-06-02 02:00:03] {
    "expiring_soon_notified": 0,
    "expired_processed": 10,
    "expired_emails_sent": 10,
    "auto_renewed_gold": 0,
    "old_deleted_count": 0,
    "timestamp": "2026-06-02 02:00:03"
}
[2026-06-02 02:00:03] ========== KRAJ ==========
[2026-06-03 02:00:10] ========== START: Provera isteklih oglasa ==========
[2026-06-03 02:00:10] 📧 Poslato 0 obaveštenja za oglase koji ističu za 7 dana
[2026-06-03 02:00:10] 📌 Ukupno isteklih oglasa: 0
[2026-06-03 02:00:10] 📧 Poslato 0 emailova o isteku
[2026-06-03 02:00:10] 🔄 Automatski obnovljeno 0 GOLD oglasa
[2026-06-03 02:00:10] ========== IZVEŠTAJ ==========
[2026-06-03 02:00:10] {
    "expiring_soon_notified": 0,
    "expired_processed": 0,
    "expired_emails_sent": 0,
    "auto_renewed_gold": 0,
    "old_deleted_count": 0,
    "timestamp": "2026-06-03 02:00:10"
}
[2026-06-03 02:00:10] ========== KRAJ ==========
[2026-06-04 02:00:01] ========== START: Provera isteklih oglasa ==========
[2026-06-04 02:00:01] 📧 Poslato 0 obaveštenja za oglase koji ističu za 7 dana
[2026-06-04 02:00:01] 📌 Ukupno isteklih oglasa: 0
[2026-06-04 02:00:01] 📧 Poslato 0 emailova o isteku
[2026-06-04 02:00:01] 🔄 Automatski obnovljeno 0 GOLD oglasa
[2026-06-04 02:00:01] ========== IZVEŠTAJ ==========
[2026-06-04 02:00:01] {
    "expiring_soon_notified": 0,
    "expired_processed": 0,
    "expired_emails_sent": 0,
    "auto_renewed_gold": 0,
    "old_deleted_count": 0,
    "timestamp": "2026-06-04 02:00:01"
}
[2026-06-04 02:00:01] ========== KRAJ ==========
[2026-06-05 02:00:01] ========== START: Provera isteklih oglasa ==========
[2026-06-05 02:00:01] 📧 Poslato 0 obaveštenja za oglase koji ističu za 7 dana
[2026-06-05 02:00:01] ⏰ Oglas ID 8 - 'Skoda superb' je postavljen na status 'expired'
[2026-06-05 02:00:01] 📧 Email o isteku poslat za oglas ID 8
[2026-06-05 02:00:01] 📌 Ukupno isteklih oglasa: 1
[2026-06-05 02:00:01] 📧 Poslato 1 emailova o isteku
[2026-06-05 02:00:01] 🔄 Automatski obnovljen GOLD oglas ID 8 - 'Skoda superb'
[2026-06-05 02:00:02] 🔄 Automatski obnovljeno 1 GOLD oglasa
[2026-06-05 02:00:02] ========== IZVEŠTAJ ==========
[2026-06-05 02:00:02] {
    "expiring_soon_notified": 0,
    "expired_processed": 1,
    "expired_emails_sent": 1,
    "auto_renewed_gold": 1,
    "old_deleted_count": 0,
    "timestamp": "2026-06-05 02:00:02"
}
[2026-06-05 02:00:02] ========== KRAJ ==========
[2026-06-06 02:00:01] ========== START: Provera isteklih oglasa ==========
[2026-06-06 02:00:02] 📧 Poslato 0 obaveštenja za oglase koji ističu za 7 dana
[2026-06-06 02:00:02] 📌 Ukupno isteklih oglasa: 0
[2026-06-06 02:00:02] 📧 Poslato 0 emailova o isteku
[2026-06-06 02:00:02] 🔄 Automatski obnovljeno 0 GOLD oglasa
[2026-06-06 02:00:02] ========== IZVEŠTAJ ==========
[2026-06-06 02:00:02] {
    "expiring_soon_notified": 0,
    "expired_processed": 0,
    "expired_emails_sent": 0,
    "auto_renewed_gold": 0,
    "old_deleted_count": 0,
    "timestamp": "2026-06-06 02:00:02"
}
[2026-06-06 02:00:02] ========== KRAJ ==========
[2026-06-07 02:00:01] ========== START: Provera isteklih oglasa ==========
[2026-06-07 02:00:02] 📧 Poslato 0 obaveštenja za oglase koji ističu za 7 dana
[2026-06-07 02:00:02] 📌 Ukupno isteklih oglasa: 0
[2026-06-07 02:00:02] 📧 Poslato 0 emailova o isteku
[2026-06-07 02:00:02] 🔄 Automatski obnovljeno 0 GOLD oglasa
[2026-06-07 02:00:02] ========== IZVEŠTAJ ==========
[2026-06-07 02:00:02] {
    "expiring_soon_notified": 0,
    "expired_processed": 0,
    "expired_emails_sent": 0,
    "auto_renewed_gold": 0,
    "old_deleted_count": 0,
    "timestamp": "2026-06-07 02:00:02"
}
[2026-06-07 02:00:02] ========== KRAJ ==========
[2026-06-08 02:00:01] ========== START: Provera isteklih oglasa ==========
[2026-06-08 02:00:01] 📧 Poslato 0 obaveštenja za oglase koji ističu za 7 dana
[2026-06-08 02:00:01] 📌 Ukupno isteklih oglasa: 0
[2026-06-08 02:00:01] 📧 Poslato 0 emailova o isteku
[2026-06-08 02:00:01] 🔄 Automatski obnovljeno 0 GOLD oglasa
[2026-06-08 02:00:01] ========== IZVEŠTAJ ==========
[2026-06-08 02:00:01] {
    "expiring_soon_notified": 0,
    "expired_processed": 0,
    "expired_emails_sent": 0,
    "auto_renewed_gold": 0,
    "old_deleted_count": 0,
    "timestamp": "2026-06-08 02:00:01"
}
[2026-06-08 02:00:01] ========== KRAJ ==========
[2026-06-09 02:00:03] ========== START: Provera isteklih oglasa ==========
[2026-06-09 02:00:03] 📧 Poslato 0 obaveštenja za oglase koji ističu za 7 dana
[2026-06-09 02:00:03] 📌 Ukupno isteklih oglasa: 0
[2026-06-09 02:00:03] 📧 Poslato 0 emailova o isteku
[2026-06-09 02:00:03] 🔄 Automatski obnovljeno 0 GOLD oglasa
[2026-06-09 02:00:03] ========== IZVEŠTAJ ==========
[2026-06-09 02:00:03] {
    "expiring_soon_notified": 0,
    "expired_processed": 0,
    "expired_emails_sent": 0,
    "auto_renewed_gold": 0,
    "old_deleted_count": 0,
    "timestamp": "2026-06-09 02:00:03"
}
[2026-06-09 02:00:03] ========== KRAJ ==========
[2026-06-10 02:00:01] ========== START: Provera isteklih oglasa ==========
[2026-06-10 02:00:01] 📧 Poslato 0 obaveštenja za oglase koji ističu za 7 dana
[2026-06-10 02:00:01] 📌 Ukupno isteklih oglasa: 0
[2026-06-10 02:00:01] 📧 Poslato 0 emailova o isteku
[2026-06-10 02:00:01] 🔄 Automatski obnovljeno 0 GOLD oglasa
[2026-06-10 02:00:01] ========== IZVEŠTAJ ==========
[2026-06-10 02:00:01] {
    "expiring_soon_notified": 0,
    "expired_processed": 0,
    "expired_emails_sent": 0,
    "auto_renewed_gold": 0,
    "old_deleted_count": 0,
    "timestamp": "2026-06-10 02:00:01"
}
[2026-06-10 02:00:01] ========== KRAJ ==========
[2026-06-11 02:00:03] ========== START: Provera isteklih oglasa ==========
[2026-06-11 02:00:04] ✅ Obaveštenje poslato za oglas ID 37 - 'Dell Latitude 5580 ' (ističe za 7 dana)
[2026-06-11 02:00:04] ✅ Obaveštenje poslato za oglas ID 38 - 'ODON tepih 135x190 krem' (ističe za 7 dana)
[2026-06-11 02:00:05] ✅ Obaveštenje poslato za oglas ID 39 - 'Zidni sat Stella fi 57cm' (ističe za 7 dana)
[2026-06-11 02:00:05] ✅ Obaveštenje poslato za oglas ID 40 - 'Graphite električna kosilica ENERGY+ 36V' (ističe za 7 dana)
[2026-06-11 02:00:05] ✅ Obaveštenje poslato za oglas ID 41 - 'Hoverboard Smart Balance Whel Skuter 6.5inch' (ističe za 7 dana)
[2026-06-11 02:00:05] 📧 Poslato 5 obaveštenja za oglase koji ističu za 7 dana
[2026-06-11 02:00:05] 📌 Ukupno isteklih oglasa: 0
[2026-06-11 02:00:05] 📧 Poslato 0 emailova o isteku
[2026-06-11 02:00:05] 🔄 Automatski obnovljeno 0 GOLD oglasa
[2026-06-11 02:00:05] ========== IZVEŠTAJ ==========
[2026-06-11 02:00:05] {
    "expiring_soon_notified": 5,
    "expired_processed": 0,
    "expired_emails_sent": 0,
    "auto_renewed_gold": 0,
    "old_deleted_count": 0,
    "timestamp": "2026-06-11 02:00:05"
}
[2026-06-11 02:00:05] ========== KRAJ ==========
[2026-06-12 02:00:02] ========== START: Provera isteklih oglasa ==========
[2026-06-12 02:00:02] 📧 Poslato 0 obaveštenja za oglase koji ističu za 7 dana
[2026-06-12 02:00:02] 📌 Ukupno isteklih oglasa: 0
[2026-06-12 02:00:02] 📧 Poslato 0 emailova o isteku
[2026-06-12 02:00:02] 🔄 Automatski obnovljeno 0 GOLD oglasa
[2026-06-12 02:00:02] ========== IZVEŠTAJ ==========
[2026-06-12 02:00:02] {
    "expiring_soon_notified": 0,
    "expired_processed": 0,
    "expired_emails_sent": 0,
    "auto_renewed_gold": 0,
    "old_deleted_count": 0,
    "timestamp": "2026-06-12 02:00:02"
}
[2026-06-12 02:00:02] ========== KRAJ ==========
[2026-06-13 02:00:02] ========== START: Provera isteklih oglasa ==========
[2026-06-13 02:00:02] 📧 Poslato 0 obaveštenja za oglase koji ističu za 7 dana
[2026-06-13 02:00:02] 📌 Ukupno isteklih oglasa: 0
[2026-06-13 02:00:02] 📧 Poslato 0 emailova o isteku
[2026-06-13 02:00:02] 🔄 Automatski obnovljeno 0 GOLD oglasa
[2026-06-13 02:00:02] ========== IZVEŠTAJ ==========
[2026-06-13 02:00:02] {
    "expiring_soon_notified": 0,
    "expired_processed": 0,
    "expired_emails_sent": 0,
    "auto_renewed_gold": 0,
    "old_deleted_count": 0,
    "timestamp": "2026-06-13 02:00:02"
}
[2026-06-13 02:00:02] ========== KRAJ ==========
[2026-06-14 02:00:04] ========== START: Provera isteklih oglasa ==========
[2026-06-14 02:00:04] 📧 Poslato 0 obaveštenja za oglase koji ističu za 7 dana
[2026-06-14 02:00:04] 📌 Ukupno isteklih oglasa: 0
[2026-06-14 02:00:04] 📧 Poslato 0 emailova o isteku
[2026-06-14 02:00:04] 🔄 Automatski obnovljeno 0 GOLD oglasa
[2026-06-14 02:00:04] ========== IZVEŠTAJ ==========
[2026-06-14 02:00:04] {
    "expiring_soon_notified": 0,
    "expired_processed": 0,
    "expired_emails_sent": 0,
    "auto_renewed_gold": 0,
    "old_deleted_count": 0,
    "timestamp": "2026-06-14 02:00:04"
}
[2026-06-14 02:00:04] ========== KRAJ ==========
[2026-06-15 02:00:08] ========== START: Provera isteklih oglasa ==========
[2026-06-15 02:00:08] 📧 Poslato 0 obaveštenja za oglase koji ističu za 7 dana
[2026-06-15 02:00:08] 📌 Ukupno isteklih oglasa: 0
[2026-06-15 02:00:08] 📧 Poslato 0 emailova o isteku
[2026-06-15 02:00:09] 🔄 Automatski obnovljeno 0 GOLD oglasa
[2026-06-15 02:00:09] ========== IZVEŠTAJ ==========
[2026-06-15 02:00:09] {
    "expiring_soon_notified": 0,
    "expired_processed": 0,
    "expired_emails_sent": 0,
    "auto_renewed_gold": 0,
    "old_deleted_count": 0,
    "timestamp": "2026-06-15 02:00:09"
}
[2026-06-15 02:00:09] ========== KRAJ ==========
[2026-06-16 02:00:02] ========== START: Provera isteklih oglasa ==========
[2026-06-16 02:00:03] 📧 Poslato 0 obaveštenja za oglase koji ističu za 7 dana
[2026-06-16 02:00:03] 📌 Ukupno isteklih oglasa: 0
[2026-06-16 02:00:03] 📧 Poslato 0 emailova o isteku
[2026-06-16 02:00:03] 🔄 Automatski obnovljeno 0 GOLD oglasa
[2026-06-16 02:00:03] ========== IZVEŠTAJ ==========
[2026-06-16 02:00:03] {
    "expiring_soon_notified": 0,
    "expired_processed": 0,
    "expired_emails_sent": 0,
    "auto_renewed_gold": 0,
    "old_deleted_count": 0,
    "timestamp": "2026-06-16 02:00:03"
}
[2026-06-16 02:00:03] ========== KRAJ ==========
[2026-06-17 02:00:02] ========== START: Provera isteklih oglasa ==========
[2026-06-17 02:00:02] 📧 Poslato 0 obaveštenja za oglase koji ističu za 7 dana
[2026-06-17 02:00:02] 📌 Ukupno isteklih oglasa: 0
[2026-06-17 02:00:02] 📧 Poslato 0 emailova o isteku
[2026-06-17 02:00:02] 🔄 Automatski obnovljeno 0 GOLD oglasa
[2026-06-17 02:00:02] ========== IZVEŠTAJ ==========
[2026-06-17 02:00:02] {
    "expiring_soon_notified": 0,
    "expired_processed": 0,
    "expired_emails_sent": 0,
    "auto_renewed_gold": 0,
    "old_deleted_count": 0,
    "timestamp": "2026-06-17 02:00:02"
}
[2026-06-17 02:00:02] ========== KRAJ ==========
[2026-06-18 02:00:01] ========== START: Provera isteklih oglasa ==========
[2026-06-18 02:00:01] 📧 Poslato 0 obaveštenja za oglase koji ističu za 7 dana
[2026-06-18 02:00:01] ⏰ Oglas ID 37 - 'Dell Latitude 5580 ' je postavljen na status 'expired'
[2026-06-18 02:00:02] 📧 Email o isteku poslat za oglas ID 37
[2026-06-18 02:00:02] ⏰ Oglas ID 38 - 'ODON tepih 135x190 krem' je postavljen na status 'expired'
[2026-06-18 02:00:02] 📧 Email o isteku poslat za oglas ID 38
[2026-06-18 02:00:02] ⏰ Oglas ID 39 - 'Zidni sat Stella fi 57cm' je postavljen na status 'expired'
[2026-06-18 02:00:02] 📧 Email o isteku poslat za oglas ID 39
[2026-06-18 02:00:02] ⏰ Oglas ID 40 - 'Graphite električna kosilica ENERGY+ 36V' je postavljen na status 'expired'
[2026-06-18 02:00:02] 📧 Email o isteku poslat za oglas ID 40
[2026-06-18 02:00:02] ⏰ Oglas ID 41 - 'Hoverboard Smart Balance Whel Skuter 6.5inch' je postavljen na status 'expired'
[2026-06-18 02:00:02] 📧 Email o isteku poslat za oglas ID 41
[2026-06-18 02:00:02] 📌 Ukupno isteklih oglasa: 5
[2026-06-18 02:00:02] 📧 Poslato 5 emailova o isteku
[2026-06-18 02:00:02] 🔄 Automatski obnovljeno 0 GOLD oglasa
[2026-06-18 02:00:02] ========== IZVEŠTAJ ==========
[2026-06-18 02:00:02] {
    "expiring_soon_notified": 0,
    "expired_processed": 5,
    "expired_emails_sent": 5,
    "auto_renewed_gold": 0,
    "old_deleted_count": 0,
    "timestamp": "2026-06-18 02:00:02"
}
[2026-06-18 02:00:02] ========== KRAJ ==========
[2026-06-19 02:00:03] ========== START: Provera isteklih oglasa ==========
[2026-06-19 02:00:04] ✅ Obaveštenje poslato za oglas ID 16 - 'Kupujem Gramofonske Ploce, Kolekcije Gramofonskih Ploca' (ističe za 7 dana)
[2026-06-19 02:00:04] ✅ Obaveštenje poslato za oglas ID 17 - 'Kaiš sa kopčom 101din/kom Dužina: 60cm' (ističe za 7 dana)
[2026-06-19 02:00:04] ✅ Obaveštenje poslato za oglas ID 18 - 'Providna cerada 1303 din/m2' (ističe za 7 dana)
[2026-06-19 02:00:04] ✅ Obaveštenje poslato za oglas ID 19 - 'Cerade 680g/m2 470 din/m2' (ističe za 7 dana)
[2026-06-19 02:00:04] ✅ Obaveštenje poslato za oglas ID 20 - 'Elastično uže (tvrdo) Fi 8mm 57din/m' (ističe za 7 dana)
[2026-06-19 02:00:04] ✅ Obaveštenje poslato za oglas ID 21 - 'Carinska sajla Fi-6mm 22din/m' (ističe za 7 dana)
[2026-06-19 02:00:04] ✅ Obaveštenje poslato za oglas ID 22 - 'Ringlica okrugla Fi 12mm 3.000din/kutija (1000 kom/kutija)' (ističe za 7 dana)
[2026-06-19 02:00:05] ✅ Obaveštenje poslato za oglas ID 23 - 'Roler za ceradu ' (ističe za 7 dana)
[2026-06-19 02:00:05] ✅ Obaveštenje poslato za oglas ID 24 - 'Čičak traka crna 30 mm (zavarujuća) 94 din/m' (ističe za 7 dana)
[2026-06-19 02:00:05] ✅ Obaveštenje poslato za oglas ID 25 - 'Zatezač za ceradu ' (ističe za 7 dana)
[2026-06-19 02:00:05] ✅ Obaveštenje poslato za oglas ID 26 - 'Reflektujuća traka 288 din/m' (ističe za 7 dana)
[2026-06-19 02:00:05] 📧 Poslato 11 obaveštenja za oglase koji ističu za 7 dana
[2026-06-19 02:00:05] 📌 Ukupno isteklih oglasa: 0
[2026-06-19 02:00:05] 📧 Poslato 0 emailova o isteku
[2026-06-19 02:00:05] 🔄 Automatski obnovljeno 0 GOLD oglasa
[2026-06-19 02:00:05] ========== IZVEŠTAJ ==========
[2026-06-19 02:00:05] {
    "expiring_soon_notified": 11,
    "expired_processed": 0,
    "expired_emails_sent": 0,
    "auto_renewed_gold": 0,
    "old_deleted_count": 0,
    "timestamp": "2026-06-19 02:00:05"
}
[2026-06-19 02:00:05] ========== KRAJ ==========
[2026-06-20 02:00:02] ========== START: Provera isteklih oglasa ==========
[2026-06-20 02:00:02] 📧 Poslato 0 obaveštenja za oglase koji ističu za 7 dana
[2026-06-20 02:00:02] 📌 Ukupno isteklih oglasa: 0
[2026-06-20 02:00:02] 📧 Poslato 0 emailova o isteku
[2026-06-20 02:00:02] 🔄 Automatski obnovljeno 0 GOLD oglasa
[2026-06-20 02:00:02] ========== IZVEŠTAJ ==========
[2026-06-20 02:00:02] {
    "expiring_soon_notified": 0,
    "expired_processed": 0,
    "expired_emails_sent": 0,
    "auto_renewed_gold": 0,
    "old_deleted_count": 0,
    "timestamp": "2026-06-20 02:00:02"
}
[2026-06-20 02:00:02] ========== KRAJ ==========
[2026-06-21 02:00:06] ========== START: Provera isteklih oglasa ==========
[2026-06-21 02:00:06] 📧 Poslato 0 obaveštenja za oglase koji ističu za 7 dana
[2026-06-21 02:00:06] 📌 Ukupno isteklih oglasa: 0
[2026-06-21 02:00:06] 📧 Poslato 0 emailova o isteku
[2026-06-21 02:00:06] 🔄 Automatski obnovljeno 0 GOLD oglasa
[2026-06-21 02:00:06] ========== IZVEŠTAJ ==========
[2026-06-21 02:00:06] {
    "expiring_soon_notified": 0,
    "expired_processed": 0,
    "expired_emails_sent": 0,
    "auto_renewed_gold": 0,
    "old_deleted_count": 0,
    "timestamp": "2026-06-21 02:00:06"
}
[2026-06-21 02:00:06] ========== KRAJ ==========
[2026-06-22 02:00:02] ========== START: Provera isteklih oglasa ==========
[2026-06-22 02:00:02] 📧 Poslato 0 obaveštenja za oglase koji ističu za 7 dana
[2026-06-22 02:00:02] 📌 Ukupno isteklih oglasa: 0
[2026-06-22 02:00:02] 📧 Poslato 0 emailova o isteku
[2026-06-22 02:00:02] 🔄 Automatski obnovljeno 0 GOLD oglasa
[2026-06-22 02:00:02] ========== IZVEŠTAJ ==========
[2026-06-22 02:00:02] {
    "expiring_soon_notified": 0,
    "expired_processed": 0,
    "expired_emails_sent": 0,
    "auto_renewed_gold": 0,
    "old_deleted_count": 0,
    "timestamp": "2026-06-22 02:00:02"
}
[2026-06-22 02:00:02] ========== KRAJ ==========
[2026-06-23 02:00:02] ========== START: Provera isteklih oglasa ==========
[2026-06-23 02:00:02] ✅ Obaveštenje poslato za oglas ID 43 - 'Nakit i Satovi i Kristali lancic ' (ističe za 7 dana)
[2026-06-23 02:00:02] ✅ Obaveštenje poslato za oglas ID 44 - 'Nakit i Satovi i Kristali lancic ' (ističe za 7 dana)
[2026-06-23 02:00:02] ✅ Obaveštenje poslato za oglas ID 45 - 'Dekorativni Mač' (ističe za 7 dana)
[2026-06-23 02:00:03] ✅ Obaveštenje poslato za oglas ID 46 - 'stara Seagate/IBM IDE hard diska – za retro PC / kolekcionare' (ističe za 7 dana)
[2026-06-23 02:00:03] 📧 Poslato 4 obaveštenja za oglase koji ističu za 7 dana
[2026-06-23 02:00:03] 📌 Ukupno isteklih oglasa: 0
[2026-06-23 02:00:03] 📧 Poslato 0 emailova o isteku
[2026-06-23 02:00:03] 🔄 Automatski obnovljeno 0 GOLD oglasa
[2026-06-23 02:00:03] ========== IZVEŠTAJ ==========
[2026-06-23 02:00:03] {
    "expiring_soon_notified": 4,
    "expired_processed": 0,
    "expired_emails_sent": 0,
    "auto_renewed_gold": 0,
    "old_deleted_count": 0,
    "timestamp": "2026-06-23 02:00:03"
}
[2026-06-23 02:00:03] ========== KRAJ ==========
[2026-06-24 02:00:02] ========== START: Provera isteklih oglasa ==========
[2026-06-24 02:00:02] 📧 Poslato 0 obaveštenja za oglase koji ističu za 7 dana
[2026-06-24 02:00:02] 📌 Ukupno isteklih oglasa: 0
[2026-06-24 02:00:02] 📧 Poslato 0 emailova o isteku
[2026-06-24 02:00:02] 🔄 Automatski obnovljeno 0 GOLD oglasa
[2026-06-24 02:00:02] ========== IZVEŠTAJ ==========
[2026-06-24 02:00:02] {
    "expiring_soon_notified": 0,
    "expired_processed": 0,
    "expired_emails_sent": 0,
    "auto_renewed_gold": 0,
    "old_deleted_count": 0,
    "timestamp": "2026-06-24 02:00:02"
}
[2026-06-24 02:00:02] ========== KRAJ ==========
[2026-06-25 02:00:01] ========== START: Provera isteklih oglasa ==========
[2026-06-25 02:00:01] 📧 Poslato 0 obaveštenja za oglase koji ističu za 7 dana
[2026-06-25 02:00:01] 📌 Ukupno isteklih oglasa: 0
[2026-06-25 02:00:01] 📧 Poslato 0 emailova o isteku
[2026-06-25 02:00:01] 🔄 Automatski obnovljeno 0 GOLD oglasa
[2026-06-25 02:00:01] ========== IZVEŠTAJ ==========
[2026-06-25 02:00:01] {
    "expiring_soon_notified": 0,
    "expired_processed": 0,
    "expired_emails_sent": 0,
    "auto_renewed_gold": 0,
    "old_deleted_count": 0,
    "timestamp": "2026-06-25 02:00:01"
}
[2026-06-25 02:00:01] ========== KRAJ ==========
[2026-06-26 02:00:03] ========== START: Provera isteklih oglasa ==========
[2026-06-26 02:00:03] 📧 Poslato 0 obaveštenja za oglase koji ističu za 7 dana
[2026-06-26 02:00:03] ⏰ Oglas ID 16 - 'Kupujem Gramofonske Ploce, Kolekcije Gramofonskih Ploca' je postavljen na status 'expired'
[2026-06-26 02:00:03] ⏰ Oglas ID 17 - 'Kaiš sa kopčom 101din/kom Dužina: 60cm' je postavljen na status 'expired'
[2026-06-26 02:00:03] ⏰ Oglas ID 18 - 'Providna cerada 1303 din/m2' je postavljen na status 'expired'
[2026-06-26 02:00:03] ⏰ Oglas ID 19 - 'Cerade 680g/m2 470 din/m2' je postavljen na status 'expired'
[2026-06-26 02:00:03] ⏰ Oglas ID 20 - 'Elastično uže (tvrdo) Fi 8mm 57din/m' je postavljen na status 'expired'
[2026-06-26 02:00:03] ⏰ Oglas ID 21 - 'Carinska sajla Fi-6mm 22din/m' je postavljen na status 'expired'
[2026-06-26 02:00:03] ⏰ Oglas ID 22 - 'Ringlica okrugla Fi 12mm 3.000din/kutija (1000 kom/kutija)' je postavljen na status 'expired'
[2026-06-26 02:00:03] ⏰ Oglas ID 23 - 'Roler za ceradu ' je postavljen na status 'expired'
[2026-06-26 02:00:03] ⏰ Oglas ID 24 - 'Čičak traka crna 30 mm (zavarujuća) 94 din/m' je postavljen na status 'expired'
[2026-06-26 02:00:03] ⏰ Oglas ID 25 - 'Zatezač za ceradu ' je postavljen na status 'expired'
[2026-06-26 02:00:03] ⏰ Oglas ID 26 - 'Reflektujuća traka 288 din/m' je postavljen na status 'expired'
[2026-06-26 02:00:03] 📌 Ukupno isteklih oglasa: 11
[2026-06-26 02:00:03] 📧 Poslato 0 emailova o isteku
[2026-06-26 02:00:03] 🔄 Automatski obnovljeno 0 GOLD oglasa
[2026-06-26 02:00:03] ========== IZVEŠTAJ ==========
[2026-06-26 02:00:03] {
    "expiring_soon_notified": 0,
    "expired_processed": 11,
    "expired_emails_sent": 0,
    "auto_renewed_gold": 0,
    "old_deleted_count": 0,
    "timestamp": "2026-06-26 02:00:03"
}
[2026-06-26 02:00:03] ========== KRAJ ==========
[2026-06-27 02:00:01] ========== START: Provera isteklih oglasa ==========
[2026-06-27 02:00:01] 📧 Poslato 0 obaveštenja za oglase koji ističu za 7 dana
[2026-06-27 02:00:01] 📌 Ukupno isteklih oglasa: 0
[2026-06-27 02:00:01] 📧 Poslato 0 emailova o isteku
[2026-06-27 02:00:01] 🔄 Automatski obnovljeno 0 GOLD oglasa
[2026-06-27 02:00:01] ========== IZVEŠTAJ ==========
[2026-06-27 02:00:01] {
    "expiring_soon_notified": 0,
    "expired_processed": 0,
    "expired_emails_sent": 0,
    "auto_renewed_gold": 0,
    "old_deleted_count": 0,
    "timestamp": "2026-06-27 02:00:01"
}
[2026-06-27 02:00:01] ========== KRAJ ==========
[2026-06-28 02:00:02] ========== START: Provera isteklih oglasa ==========
[2026-06-28 02:00:02] ✅ Obaveštenje poslato za oglas ID 47 - 'Zenski Komplet' (ističe za 7 dana)
[2026-06-28 02:00:03] ✅ Obaveštenje poslato za oglas ID 48 - 'Zenske haljine' (ističe za 7 dana)
[2026-06-28 02:00:03] ✅ Obaveštenje poslato za oglas ID 49 - 'Kofer sminka  ' (ističe za 7 dana)
[2026-06-28 02:00:03] ✅ Obaveštenje poslato za oglas ID 50 - 'Zenske torbice' (ističe za 7 dana)
[2026-06-28 02:00:03] 📧 Poslato 4 obaveštenja za oglase koji ističu za 7 dana
[2026-06-28 02:00:03] 📌 Ukupno isteklih oglasa: 0
[2026-06-28 02:00:03] 📧 Poslato 0 emailova o isteku
[2026-06-28 02:00:03] 🔄 Automatski obnovljeno 0 GOLD oglasa
[2026-06-28 02:00:03] ========== IZVEŠTAJ ==========
[2026-06-28 02:00:03] {
    "expiring_soon_notified": 4,
    "expired_processed": 0,
    "expired_emails_sent": 0,
    "auto_renewed_gold": 0,
    "old_deleted_count": 0,
    "timestamp": "2026-06-28 02:00:03"
}
[2026-06-28 02:00:03] ========== KRAJ ==========
[2026-06-29 02:00:01] ========== START: Provera isteklih oglasa ==========
[2026-06-29 02:00:01] 📧 Poslato 0 obaveštenja za oglase koji ističu za 7 dana
[2026-06-29 02:00:01] 📌 Ukupno isteklih oglasa: 0
[2026-06-29 02:00:01] 📧 Poslato 0 emailova o isteku
[2026-06-29 02:00:01] 🔄 Automatski obnovljeno 0 GOLD oglasa
[2026-06-29 02:00:01] ========== IZVEŠTAJ ==========
[2026-06-29 02:00:01] {
    "expiring_soon_notified": 0,
    "expired_processed": 0,
    "expired_emails_sent": 0,
    "auto_renewed_gold": 0,
    "old_deleted_count": 0,
    "timestamp": "2026-06-29 02:00:01"
}
[2026-06-29 02:00:01] ========== KRAJ ==========
[2026-06-30 02:00:01] ========== START: Provera isteklih oglasa ==========
[2026-06-30 02:00:02] 📧 Poslato 0 obaveštenja za oglase koji ističu za 7 dana
[2026-06-30 02:00:02] ⏰ Oglas ID 43 - 'Nakit i Satovi i Kristali lancic ' je postavljen na status 'expired'
[2026-06-30 02:00:02] 📧 Email o isteku poslat za oglas ID 43
[2026-06-30 02:00:02] ⏰ Oglas ID 44 - 'Nakit i Satovi i Kristali lancic ' je postavljen na status 'expired'
[2026-06-30 02:00:02] 📧 Email o isteku poslat za oglas ID 44
[2026-06-30 02:00:02] ⏰ Oglas ID 45 - 'Dekorativni Mač' je postavljen na status 'expired'
[2026-06-30 02:00:02] 📧 Email o isteku poslat za oglas ID 45
[2026-06-30 02:00:02] ⏰ Oglas ID 46 - 'stara Seagate/IBM IDE hard diska – za retro PC / kolekcionare' je postavljen na status 'expired'
[2026-06-30 02:00:02] 📧 Email o isteku poslat za oglas ID 46
[2026-06-30 02:00:02] 📌 Ukupno isteklih oglasa: 4
[2026-06-30 02:00:02] 📧 Poslato 4 emailova o isteku
[2026-06-30 02:00:02] 🔄 Automatski obnovljeno 0 GOLD oglasa
[2026-06-30 02:00:02] ========== IZVEŠTAJ ==========
[2026-06-30 02:00:02] {
    "expiring_soon_notified": 0,
    "expired_processed": 4,
    "expired_emails_sent": 4,
    "auto_renewed_gold": 0,
    "old_deleted_count": 0,
    "timestamp": "2026-06-30 02:00:02"
}
[2026-06-30 02:00:02] ========== KRAJ ==========
[2026-07-01 02:00:01] ========== START: Provera isteklih oglasa ==========
[2026-07-01 02:00:01] 📧 Poslato 0 obaveštenja za oglase koji ističu za 7 dana
[2026-07-01 02:00:01] 📌 Ukupno isteklih oglasa: 0
[2026-07-01 02:00:01] 📧 Poslato 0 emailova o isteku
[2026-07-01 02:00:01] 🔄 Automatski obnovljeno 0 GOLD oglasa
[2026-07-01 02:00:01] ========== IZVEŠTAJ ==========
[2026-07-01 02:00:01] {
    "expiring_soon_notified": 0,
    "expired_processed": 0,
    "expired_emails_sent": 0,
    "auto_renewed_gold": 0,
    "old_deleted_count": 0,
    "timestamp": "2026-07-01 02:00:01"
}
[2026-07-01 02:00:01] ========== KRAJ ==========
[2026-07-02 02:00:01] ========== START: Provera isteklih oglasa ==========
[2026-07-02 02:00:01] 📧 Poslato 0 obaveštenja za oglase koji ističu za 7 dana
[2026-07-02 02:00:01] 📌 Ukupno isteklih oglasa: 0
[2026-07-02 02:00:01] 📧 Poslato 0 emailova o isteku
[2026-07-02 02:00:01] 🔄 Automatski obnovljeno 0 GOLD oglasa
[2026-07-02 02:00:01] ========== IZVEŠTAJ ==========
[2026-07-02 02:00:01] {
    "expiring_soon_notified": 0,
    "expired_processed": 0,
    "expired_emails_sent": 0,
    "auto_renewed_gold": 0,
    "old_deleted_count": 0,
    "timestamp": "2026-07-02 02:00:01"
}
[2026-07-02 02:00:01] ========== KRAJ ==========
[2026-07-03 02:00:01] ========== START: Provera isteklih oglasa ==========
[2026-07-03 02:00:01] 📧 Poslato 0 obaveštenja za oglase koji ističu za 7 dana
[2026-07-03 02:00:01] 📌 Ukupno isteklih oglasa: 0
[2026-07-03 02:00:01] 📧 Poslato 0 emailova o isteku
[2026-07-03 02:00:01] 🔄 Automatski obnovljeno 0 GOLD oglasa
[2026-07-03 02:00:01] ========== IZVEŠTAJ ==========
[2026-07-03 02:00:01] {
    "expiring_soon_notified": 0,
    "expired_processed": 0,
    "expired_emails_sent": 0,
    "auto_renewed_gold": 0,
    "old_deleted_count": 0,
    "timestamp": "2026-07-03 02:00:01"
}
[2026-07-03 02:00:01] ========== KRAJ ==========
[2026-07-04 02:00:02] ========== START: Provera isteklih oglasa ==========
[2026-07-04 02:00:02] 📧 Poslato 0 obaveštenja za oglase koji ističu za 7 dana
[2026-07-04 02:00:02] 📌 Ukupno isteklih oglasa: 0
[2026-07-04 02:00:02] 📧 Poslato 0 emailova o isteku
[2026-07-04 02:00:02] 🔄 Automatski obnovljeno 0 GOLD oglasa
[2026-07-04 02:00:02] ========== IZVEŠTAJ ==========
[2026-07-04 02:00:02] {
    "expiring_soon_notified": 0,
    "expired_processed": 0,
    "expired_emails_sent": 0,
    "auto_renewed_gold": 0,
    "old_deleted_count": 0,
    "timestamp": "2026-07-04 02:00:02"
}
[2026-07-04 02:00:02] ========== KRAJ ==========
[2026-07-05 02:00:02] ========== START: Provera isteklih oglasa ==========
[2026-07-05 02:00:02] 📧 Poslato 0 obaveštenja za oglase koji ističu za 7 dana
[2026-07-05 02:00:02] ⏰ Oglas ID 47 - 'Zenski Komplet' je postavljen na status 'expired'
[2026-07-05 02:00:02] 📧 Email o isteku poslat za oglas ID 47
[2026-07-05 02:00:02] ⏰ Oglas ID 48 - 'Zenske haljine' je postavljen na status 'expired'
[2026-07-05 02:00:02] 📧 Email o isteku poslat za oglas ID 48
[2026-07-05 02:00:02] ⏰ Oglas ID 49 - 'Kofer sminka  ' je postavljen na status 'expired'
[2026-07-05 02:00:02] 📧 Email o isteku poslat za oglas ID 49
[2026-07-05 02:00:02] ⏰ Oglas ID 50 - 'Zenske torbice' je postavljen na status 'expired'
[2026-07-05 02:00:03] 📧 Email o isteku poslat za oglas ID 50
[2026-07-05 02:00:03] 📌 Ukupno isteklih oglasa: 4
[2026-07-05 02:00:03] 📧 Poslato 4 emailova o isteku
[2026-07-05 02:00:03] 🔄 Automatski obnovljeno 0 GOLD oglasa
[2026-07-05 02:00:03] ========== IZVEŠTAJ ==========
[2026-07-05 02:00:03] {
    "expiring_soon_notified": 0,
    "expired_processed": 4,
    "expired_emails_sent": 4,
    "auto_renewed_gold": 0,
    "old_deleted_count": 0,
    "timestamp": "2026-07-05 02:00:03"
}
[2026-07-05 02:00:03] ========== KRAJ ==========
[2026-07-06 02:00:01] ========== START: Provera isteklih oglasa ==========
[2026-07-06 02:00:01] 📧 Poslato 0 obaveštenja za oglase koji ističu za 7 dana
[2026-07-06 02:00:01] 📌 Ukupno isteklih oglasa: 0
[2026-07-06 02:00:01] 📧 Poslato 0 emailova o isteku
[2026-07-06 02:00:01] 🔄 Automatski obnovljeno 0 GOLD oglasa
[2026-07-06 02:00:01] ========== IZVEŠTAJ ==========
[2026-07-06 02:00:01] {
    "expiring_soon_notified": 0,
    "expired_processed": 0,
    "expired_emails_sent": 0,
    "auto_renewed_gold": 0,
    "old_deleted_count": 0,
    "timestamp": "2026-07-06 02:00:01"
}
[2026-07-06 02:00:01] ========== KRAJ ==========
[2026-07-07 02:00:01] ========== START: Provera isteklih oglasa ==========
[2026-07-07 02:00:01] 📧 Poslato 0 obaveštenja za oglase koji ističu za 7 dana
[2026-07-07 02:00:01] 📌 Ukupno isteklih oglasa: 0
[2026-07-07 02:00:01] 📧 Poslato 0 emailova o isteku
[2026-07-07 02:00:01] 🔄 Automatski obnovljeno 0 GOLD oglasa
[2026-07-07 02:00:01] ========== IZVEŠTAJ ==========
[2026-07-07 02:00:01] {
    "expiring_soon_notified": 0,
    "expired_processed": 0,
    "expired_emails_sent": 0,
    "auto_renewed_gold": 0,
    "old_deleted_count": 0,
    "timestamp": "2026-07-07 02:00:01"
}
[2026-07-07 02:00:01] ========== KRAJ ==========
[2026-07-08 02:00:06] ========== START: Provera isteklih oglasa ==========
[2026-07-08 02:00:06] 📧 Poslato 0 obaveštenja za oglase koji ističu za 7 dana
[2026-07-08 02:00:06] 📌 Ukupno isteklih oglasa: 0
[2026-07-08 02:00:06] 📧 Poslato 0 emailova o isteku
[2026-07-08 02:00:06] 🔄 Automatski obnovljeno 0 GOLD oglasa
[2026-07-08 02:00:06] ========== IZVEŠTAJ ==========
[2026-07-08 02:00:06] {
    "expiring_soon_notified": 0,
    "expired_processed": 0,
    "expired_emails_sent": 0,
    "auto_renewed_gold": 0,
    "old_deleted_count": 0,
    "timestamp": "2026-07-08 02:00:06"
}
[2026-07-08 02:00:06] ========== KRAJ ==========
[2026-07-09 02:00:01] ========== START: Provera isteklih oglasa ==========
[2026-07-09 02:00:01] 📧 Poslato 0 obaveštenja za oglase koji ističu za 7 dana
[2026-07-09 02:00:01] 📌 Ukupno isteklih oglasa: 0
[2026-07-09 02:00:01] 📧 Poslato 0 emailova o isteku
[2026-07-09 02:00:01] 🔄 Automatski obnovljeno 0 GOLD oglasa
[2026-07-09 02:00:01] ========== IZVEŠTAJ ==========
[2026-07-09 02:00:01] {
    "expiring_soon_notified": 0,
    "expired_processed": 0,
    "expired_emails_sent": 0,
    "auto_renewed_gold": 0,
    "old_deleted_count": 0,
    "timestamp": "2026-07-09 02:00:01"
}
[2026-07-09 02:00:01] ========== KRAJ ==========
[2026-07-10 02:00:01] ========== START: Provera isteklih oglasa ==========
[2026-07-10 02:00:01] 📧 Poslato 0 obaveštenja za oglase koji ističu za 7 dana
[2026-07-10 02:00:01] 📌 Ukupno isteklih oglasa: 0
[2026-07-10 02:00:01] 📧 Poslato 0 emailova o isteku
[2026-07-10 02:00:01] 🔄 Automatski obnovljeno 0 GOLD oglasa
[2026-07-10 02:00:01] ========== IZVEŠTAJ ==========
[2026-07-10 02:00:01] {
    "expiring_soon_notified": 0,
    "expired_processed": 0,
    "expired_emails_sent": 0,
    "auto_renewed_gold": 0,
    "old_deleted_count": 0,
    "timestamp": "2026-07-10 02:00:01"
}
[2026-07-10 02:00:01] ========== KRAJ ==========
[2026-07-11 02:00:01] ========== START: Provera isteklih oglasa ==========
[2026-07-11 02:00:01] 📧 Poslato 0 obaveštenja za oglase koji ističu za 7 dana
[2026-07-11 02:00:01] 📌 Ukupno isteklih oglasa: 0
[2026-07-11 02:00:01] 📧 Poslato 0 emailova o isteku
[2026-07-11 02:00:01] 🔄 Automatski obnovljeno 0 GOLD oglasa
[2026-07-11 02:00:01] ========== IZVEŠTAJ ==========
[2026-07-11 02:00:01] {
    "expiring_soon_notified": 0,
    "expired_processed": 0,
    "expired_emails_sent": 0,
    "auto_renewed_gold": 0,
    "old_deleted_count": 0,
    "timestamp": "2026-07-11 02:00:01"
}
[2026-07-11 02:00:01] ========== KRAJ ==========
[2026-07-12 02:00:03] ========== START: Provera isteklih oglasa ==========
[2026-07-12 02:00:03] 📧 Poslato 0 obaveštenja za oglase koji ističu za 7 dana
[2026-07-12 02:00:03] 📌 Ukupno isteklih oglasa: 0
[2026-07-12 02:00:03] 📧 Poslato 0 emailova o isteku
[2026-07-12 02:00:03] 🔄 Automatski obnovljeno 0 GOLD oglasa
[2026-07-12 02:00:03] ========== IZVEŠTAJ ==========
[2026-07-12 02:00:03] {
    "expiring_soon_notified": 0,
    "expired_processed": 0,
    "expired_emails_sent": 0,
    "auto_renewed_gold": 0,
    "old_deleted_count": 0,
    "timestamp": "2026-07-12 02:00:03"
}
[2026-07-12 02:00:03] ========== KRAJ ==========
[2026-07-13 02:00:02] ========== START: Provera isteklih oglasa ==========
[2026-07-13 02:00:02] 📧 Poslato 0 obaveštenja za oglase koji ističu za 7 dana
[2026-07-13 02:00:02] 📌 Ukupno isteklih oglasa: 0
[2026-07-13 02:00:02] 📧 Poslato 0 emailova o isteku
[2026-07-13 02:00:02] 🔄 Automatski obnovljeno 0 GOLD oglasa
[2026-07-13 02:00:02] ========== IZVEŠTAJ ==========
[2026-07-13 02:00:02] {
    "expiring_soon_notified": 0,
    "expired_processed": 0,
    "expired_emails_sent": 0,
    "auto_renewed_gold": 0,
    "old_deleted_count": 0,
    "timestamp": "2026-07-13 02:00:02"
}
[2026-07-13 02:00:02] ========== KRAJ ==========
[2026-07-14 02:00:02] ========== START: Provera isteklih oglasa ==========
[2026-07-14 02:00:02] 📧 Poslato 0 obaveštenja za oglase koji ističu za 7 dana
[2026-07-14 02:00:02] 📌 Ukupno isteklih oglasa: 0
[2026-07-14 02:00:02] 📧 Poslato 0 emailova o isteku
[2026-07-14 02:00:02] 🔄 Automatski obnovljeno 0 GOLD oglasa
[2026-07-14 02:00:02] ========== IZVEŠTAJ ==========
[2026-07-14 02:00:02] {
    "expiring_soon_notified": 0,
    "expired_processed": 0,
    "expired_emails_sent": 0,
    "auto_renewed_gold": 0,
    "old_deleted_count": 0,
    "timestamp": "2026-07-14 02:00:02"
}
[2026-07-14 02:00:02] ========== KRAJ ==========
[2026-07-15 02:00:03] ========== START: Provera isteklih oglasa ==========
[2026-07-15 02:00:04] 📧 Poslato 0 obaveštenja za oglase koji ističu za 7 dana
[2026-07-15 02:00:04] 📌 Ukupno isteklih oglasa: 0
[2026-07-15 02:00:04] 📧 Poslato 0 emailova o isteku
[2026-07-15 02:00:04] 🔄 Automatski obnovljeno 0 GOLD oglasa
[2026-07-15 02:00:04] ========== IZVEŠTAJ ==========
[2026-07-15 02:00:04] {
    "expiring_soon_notified": 0,
    "expired_processed": 0,
    "expired_emails_sent": 0,
    "auto_renewed_gold": 0,
    "old_deleted_count": 0,
    "timestamp": "2026-07-15 02:00:04"
}
[2026-07-15 02:00:04] ========== KRAJ ==========
[2026-07-16 02:00:02] ========== START: Provera isteklih oglasa ==========
[2026-07-16 02:00:02] 📧 Poslato 0 obaveštenja za oglase koji ističu za 7 dana
[2026-07-16 02:00:02] 📌 Ukupno isteklih oglasa: 0
[2026-07-16 02:00:02] 📧 Poslato 0 emailova o isteku
[2026-07-16 02:00:02] 🔄 Automatski obnovljeno 0 GOLD oglasa
[2026-07-16 02:00:02] ========== IZVEŠTAJ ==========
[2026-07-16 02:00:02] {
    "expiring_soon_notified": 0,
    "expired_processed": 0,
    "expired_emails_sent": 0,
    "auto_renewed_gold": 0,
    "old_deleted_count": 0,
    "timestamp": "2026-07-16 02:00:02"
}
[2026-07-16 02:00:02] ========== KRAJ ==========
[2026-07-17 02:00:02] ========== START: Provera isteklih oglasa ==========
[2026-07-17 02:00:02] 📧 Poslato 0 obaveštenja za oglase koji ističu za 7 dana
[2026-07-17 02:00:02] 📌 Ukupno isteklih oglasa: 0
[2026-07-17 02:00:02] 📧 Poslato 0 emailova o isteku
[2026-07-17 02:00:02] 🔄 Automatski obnovljeno 0 GOLD oglasa
[2026-07-17 02:00:02] ========== IZVEŠTAJ ==========
[2026-07-17 02:00:02] {
    "expiring_soon_notified": 0,
    "expired_processed": 0,
    "expired_emails_sent": 0,
    "auto_renewed_gold": 0,
    "old_deleted_count": 0,
    "timestamp": "2026-07-17 02:00:02"
}
[2026-07-17 02:00:02] ========== KRAJ ==========
[2026-07-18 02:00:02] ========== START: Provera isteklih oglasa ==========
[2026-07-18 02:00:02] 📧 Poslato 0 obaveštenja za oglase koji ističu za 7 dana
[2026-07-18 02:00:02] 📌 Ukupno isteklih oglasa: 0
[2026-07-18 02:00:02] 📧 Poslato 0 emailova o isteku
[2026-07-18 02:00:02] 🔄 Automatski obnovljeno 0 GOLD oglasa
[2026-07-18 02:00:02] ========== IZVEŠTAJ ==========
[2026-07-18 02:00:02] {
    "expiring_soon_notified": 0,
    "expired_processed": 0,
    "expired_emails_sent": 0,
    "auto_renewed_gold": 0,
    "old_deleted_count": 0,
    "timestamp": "2026-07-18 02:00:02"
}
[2026-07-18 02:00:02] ========== KRAJ ==========
[2026-07-19 02:00:02] ========== START: Provera isteklih oglasa ==========
[2026-07-19 02:00:02] 📧 Poslato 0 obaveštenja za oglase koji ističu za 7 dana
[2026-07-19 02:00:02] 📌 Ukupno isteklih oglasa: 0
[2026-07-19 02:00:02] 📧 Poslato 0 emailova o isteku
[2026-07-19 02:00:02] 🔄 Automatski obnovljeno 0 GOLD oglasa
[2026-07-19 02:00:02] ========== IZVEŠTAJ ==========
[2026-07-19 02:00:02] {
    "expiring_soon_notified": 0,
    "expired_processed": 0,
    "expired_emails_sent": 0,
    "auto_renewed_gold": 0,
    "old_deleted_count": 0,
    "timestamp": "2026-07-19 02:00:02"
}
[2026-07-19 02:00:02] ========== KRAJ ==========
[2026-07-20 02:00:04] ========== START: Provera isteklih oglasa ==========
[2026-07-20 02:00:04] 📧 Poslato 0 obaveštenja za oglase koji ističu za 7 dana
[2026-07-20 02:00:04] 📌 Ukupno isteklih oglasa: 0
[2026-07-20 02:00:04] 📧 Poslato 0 emailova o isteku
[2026-07-20 02:00:04] 🔄 Automatski obnovljeno 0 GOLD oglasa
[2026-07-20 02:00:04] ========== IZVEŠTAJ ==========
[2026-07-20 02:00:04] {
    "expiring_soon_notified": 0,
    "expired_processed": 0,
    "expired_emails_sent": 0,
    "auto_renewed_gold": 0,
    "old_deleted_count": 0,
    "timestamp": "2026-07-20 02:00:04"
}
[2026-07-20 02:00:04] ========== KRAJ ==========
[2026-07-21 02:00:02] ========== START: Provera isteklih oglasa ==========
[2026-07-21 02:00:02] 📧 Poslato 0 obaveštenja za oglase koji ističu za 7 dana
[2026-07-21 02:00:02] 📌 Ukupno isteklih oglasa: 0
[2026-07-21 02:00:02] 📧 Poslato 0 emailova o isteku
[2026-07-21 02:00:02] 🔄 Automatski obnovljeno 0 GOLD oglasa
[2026-07-21 02:00:02] ========== IZVEŠTAJ ==========
[2026-07-21 02:00:02] {
    "expiring_soon_notified": 0,
    "expired_processed": 0,
    "expired_emails_sent": 0,
    "auto_renewed_gold": 0,
    "old_deleted_count": 0,
    "timestamp": "2026-07-21 02:00:02"
}
[2026-07-21 02:00:02] ========== KRAJ ==========
[2026-07-22 02:00:01] ========== START: Provera isteklih oglasa ==========
[2026-07-22 02:00:01] 📧 Poslato 0 obaveštenja za oglase koji ističu za 7 dana
[2026-07-22 02:00:01] 📌 Ukupno isteklih oglasa: 0
[2026-07-22 02:00:01] 📧 Poslato 0 emailova o isteku
[2026-07-22 02:00:02] 🔄 Automatski obnovljeno 0 GOLD oglasa
[2026-07-22 02:00:02] ========== IZVEŠTAJ ==========
[2026-07-22 02:00:02] {
    "expiring_soon_notified": 0,
    "expired_processed": 0,
    "expired_emails_sent": 0,
    "auto_renewed_gold": 0,
    "old_deleted_count": 0,
    "timestamp": "2026-07-22 02:00:02"
}
[2026-07-22 02:00:02] ========== KRAJ ==========
[2026-07-23 02:00:02] ========== START: Provera isteklih oglasa ==========
[2026-07-23 02:00:02] 📧 Poslato 0 obaveštenja za oglase koji ističu za 7 dana
[2026-07-23 02:00:02] 📌 Ukupno isteklih oglasa: 0
[2026-07-23 02:00:02] 📧 Poslato 0 emailova o isteku
[2026-07-23 02:00:02] 🔄 Automatski obnovljeno 0 GOLD oglasa
[2026-07-23 02:00:02] ========== IZVEŠTAJ ==========
[2026-07-23 02:00:02] {
    "expiring_soon_notified": 0,
    "expired_processed": 0,
    "expired_emails_sent": 0,
    "auto_renewed_gold": 0,
    "old_deleted_count": 0,
    "timestamp": "2026-07-23 02:00:02"
}
[2026-07-23 02:00:02] ========== KRAJ ==========
[2026-07-24 02:00:02] ========== START: Provera isteklih oglasa ==========
[2026-07-24 02:00:02] 📧 Poslato 0 obaveštenja za oglase koji ističu za 7 dana
[2026-07-24 02:00:02] 📌 Ukupno isteklih oglasa: 0
[2026-07-24 02:00:02] 📧 Poslato 0 emailova o isteku
[2026-07-24 02:00:02] 🔄 Automatski obnovljeno 0 GOLD oglasa
[2026-07-24 02:00:02] ========== IZVEŠTAJ ==========
[2026-07-24 02:00:02] {
    "expiring_soon_notified": 0,
    "expired_processed": 0,
    "expired_emails_sent": 0,
    "auto_renewed_gold": 0,
    "old_deleted_count": 0,
    "timestamp": "2026-07-24 02:00:02"
}
[2026-07-24 02:00:02] ========== KRAJ ==========
[2026-07-25 02:00:03] ========== START: Provera isteklih oglasa ==========
[2026-07-25 02:00:03] 📧 Poslato 0 obaveštenja za oglase koji ističu za 7 dana
[2026-07-25 02:00:03] 📌 Ukupno isteklih oglasa: 0
[2026-07-25 02:00:03] 📧 Poslato 0 emailova o isteku
[2026-07-25 02:00:03] 🔄 Automatski obnovljeno 0 GOLD oglasa
[2026-07-25 02:00:03] ========== IZVEŠTAJ ==========
[2026-07-25 02:00:03] {
    "expiring_soon_notified": 0,
    "expired_processed": 0,
    "expired_emails_sent": 0,
    "auto_renewed_gold": 0,
    "old_deleted_count": 0,
    "timestamp": "2026-07-25 02:00:03"
}
[2026-07-25 02:00:03] ========== KRAJ ==========
[2026-07-26 02:00:02] ========== START: Provera isteklih oglasa ==========
[2026-07-26 02:00:02] 📧 Poslato 0 obaveštenja za oglase koji ističu za 7 dana
[2026-07-26 02:00:02] 📌 Ukupno isteklih oglasa: 0
[2026-07-26 02:00:02] 📧 Poslato 0 emailova o isteku
[2026-07-26 02:00:02] 🔄 Automatski obnovljeno 0 GOLD oglasa
[2026-07-26 02:00:02] ========== IZVEŠTAJ ==========
[2026-07-26 02:00:02] {
    "expiring_soon_notified": 0,
    "expired_processed": 0,
    "expired_emails_sent": 0,
    "auto_renewed_gold": 0,
    "old_deleted_count": 0,
    "timestamp": "2026-07-26 02:00:02"
}
[2026-07-26 02:00:02] ========== KRAJ ==========
[2026-07-27 02:00:06] ========== START: Provera isteklih oglasa ==========
[2026-07-27 02:00:06] 📧 Poslato 0 obaveštenja za oglase koji ističu za 7 dana
[2026-07-27 02:00:06] 📌 Ukupno isteklih oglasa: 0
[2026-07-27 02:00:06] 📧 Poslato 0 emailova o isteku
[2026-07-27 02:00:06] 🔄 Automatski obnovljeno 0 GOLD oglasa
[2026-07-27 02:00:06] ========== IZVEŠTAJ ==========
[2026-07-27 02:00:06] {
    "expiring_soon_notified": 0,
    "expired_processed": 0,
    "expired_emails_sent": 0,
    "auto_renewed_gold": 0,
    "old_deleted_count": 0,
    "timestamp": "2026-07-27 02:00:06"
}
[2026-07-27 02:00:06] ========== KRAJ ==========
[2026-07-28 02:00:03] ========== START: Provera isteklih oglasa ==========
[2026-07-28 02:00:03] 📧 Poslato 0 obaveštenja za oglase koji ističu za 7 dana
[2026-07-28 02:00:03] 📌 Ukupno isteklih oglasa: 0
[2026-07-28 02:00:03] 📧 Poslato 0 emailova o isteku
[2026-07-28 02:00:03] 🔄 Automatski obnovljeno 0 GOLD oglasa
[2026-07-28 02:00:03] ========== IZVEŠTAJ ==========
[2026-07-28 02:00:03] {
    "expiring_soon_notified": 0,
    "expired_processed": 0,
    "expired_emails_sent": 0,
    "auto_renewed_gold": 0,
    "old_deleted_count": 0,
    "timestamp": "2026-07-28 02:00:03"
}
[2026-07-28 02:00:03] ========== KRAJ ==========
[2026-07-29 02:00:02] ========== START: Provera isteklih oglasa ==========
[2026-07-29 02:00:02] 📧 Poslato 0 obaveštenja za oglase koji ističu za 7 dana
[2026-07-29 02:00:02] 📌 Ukupno isteklih oglasa: 0
[2026-07-29 02:00:02] 📧 Poslato 0 emailova o isteku
[2026-07-29 02:00:02] 🔄 Automatski obnovljeno 0 GOLD oglasa
[2026-07-29 02:00:02] ========== IZVEŠTAJ ==========
[2026-07-29 02:00:02] {
    "expiring_soon_notified": 0,
    "expired_processed": 0,
    "expired_emails_sent": 0,
    "auto_renewed_gold": 0,
    "old_deleted_count": 0,
    "timestamp": "2026-07-29 02:00:02"
}
[2026-07-29 02:00:02] ========== KRAJ ==========
[2026-07-30 02:00:01] ========== START: Provera isteklih oglasa ==========
[2026-07-30 02:00:01] 📧 Poslato 0 obaveštenja za oglase koji ističu za 7 dana
[2026-07-30 02:00:01] 📌 Ukupno isteklih oglasa: 0
[2026-07-30 02:00:01] 📧 Poslato 0 emailova o isteku
[2026-07-30 02:00:01] 🔄 Automatski obnovljeno 0 GOLD oglasa
[2026-07-30 02:00:01] ========== IZVEŠTAJ ==========
[2026-07-30 02:00:01] {
    "expiring_soon_notified": 0,
    "expired_processed": 0,
    "expired_emails_sent": 0,
    "auto_renewed_gold": 0,
    "old_deleted_count": 0,
    "timestamp": "2026-07-30 02:00:01"
}
[2026-07-30 02:00:01] ========== KRAJ ==========
[2026-07-31 02:00:06] ========== START: Provera isteklih oglasa ==========
[2026-07-31 02:00:06] 📧 Poslato 0 obaveštenja za oglase koji ističu za 7 dana
[2026-07-31 02:00:06] 📌 Ukupno isteklih oglasa: 0
[2026-07-31 02:00:06] 📧 Poslato 0 emailova o isteku
[2026-07-31 02:00:06] 🔄 Automatski obnovljeno 0 GOLD oglasa
[2026-07-31 02:00:06] ========== IZVEŠTAJ ==========
[2026-07-31 02:00:06] {
    "expiring_soon_notified": 0,
    "expired_processed": 0,
    "expired_emails_sent": 0,
    "auto_renewed_gold": 0,
    "old_deleted_count": 0,
    "timestamp": "2026-07-31 02:00:06"
}
[2026-07-31 02:00:06] ========== KRAJ ==========
[2026-08-01 02:00:02] ========== START: Provera isteklih oglasa ==========
[2026-08-01 02:00:02] 📧 Poslato 0 obaveštenja za oglase koji ističu za 7 dana
[2026-08-01 02:00:02] 📌 Ukupno isteklih oglasa: 0
[2026-08-01 02:00:02] 📧 Poslato 0 emailova o isteku
[2026-08-01 02:00:02] 🔄 Automatski obnovljeno 0 GOLD oglasa
[2026-08-01 02:00:02] ========== IZVEŠTAJ ==========
[2026-08-01 02:00:02] {
    "expiring_soon_notified": 0,
    "expired_processed": 0,
    "expired_emails_sent": 0,
    "auto_renewed_gold": 0,
    "old_deleted_count": 0,
    "timestamp": "2026-08-01 02:00:02"
}
[2026-08-01 02:00:02] ========== KRAJ ==========
[2026-08-02 02:00:03] ========== START: Provera isteklih oglasa ==========
[2026-08-02 02:00:04] 📧 Poslato 0 obaveštenja za oglase koji ističu za 7 dana
[2026-08-02 02:00:04] 📌 Ukupno isteklih oglasa: 0
[2026-08-02 02:00:04] 📧 Poslato 0 emailova o isteku
[2026-08-02 02:00:04] 🔄 Automatski obnovljeno 0 GOLD oglasa
[2026-08-02 02:00:04] ========== IZVEŠTAJ ==========
[2026-08-02 02:00:04] {
    "expiring_soon_notified": 0,
    "expired_processed": 0,
    "expired_emails_sent": 0,
    "auto_renewed_gold": 0,
    "old_deleted_count": 0,
    "timestamp": "2026-08-02 02:00:04"
}
[2026-08-02 02:00:04] ========== KRAJ ==========
[2026-08-03 02:00:04] ========== START: Provera isteklih oglasa ==========
[2026-08-03 02:00:04] 📧 Poslato 0 obaveštenja za oglase koji ističu za 7 dana
[2026-08-03 02:00:04] 📌 Ukupno isteklih oglasa: 0
[2026-08-03 02:00:04] 📧 Poslato 0 emailova o isteku
[2026-08-03 02:00:04] 🔄 Automatski obnovljeno 0 GOLD oglasa
[2026-08-03 02:00:04] ========== IZVEŠTAJ ==========
[2026-08-03 02:00:04] {
    "expiring_soon_notified": 0,
    "expired_processed": 0,
    "expired_emails_sent": 0,
    "auto_renewed_gold": 0,
    "old_deleted_count": 0,
    "timestamp": "2026-08-03 02:00:04"
}
[2026-08-03 02:00:04] ========== KRAJ ==========
[2026-08-04 02:00:02] ========== START: Provera isteklih oglasa ==========
[2026-08-04 02:00:02] 📧 Poslato 0 obaveštenja za oglase koji ističu za 7 dana
[2026-08-04 02:00:02] 📌 Ukupno isteklih oglasa: 0
[2026-08-04 02:00:02] 📧 Poslato 0 emailova o isteku
[2026-08-04 02:00:02] 🔄 Automatski obnovljeno 0 GOLD oglasa
[2026-08-04 02:00:02] ========== IZVEŠTAJ ==========
[2026-08-04 02:00:02] {
    "expiring_soon_notified": 0,
    "expired_processed": 0,
    "expired_emails_sent": 0,
    "auto_renewed_gold": 0,
    "old_deleted_count": 0,
    "timestamp": "2026-08-04 02:00:02"
}
[2026-08-04 02:00:02] ========== KRAJ ==========
[2026-08-05 02:00:02] ========== START: Provera isteklih oglasa ==========
[2026-08-05 02:00:02] 📧 Poslato 0 obaveštenja za oglase koji ističu za 7 dana
[2026-08-05 02:00:02] 📌 Ukupno isteklih oglasa: 0
[2026-08-05 02:00:02] 📧 Poslato 0 emailova o isteku
[2026-08-05 02:00:02] 🔄 Automatski obnovljeno 0 GOLD oglasa
[2026-08-05 02:00:02] ========== IZVEŠTAJ ==========
[2026-08-05 02:00:02] {
    "expiring_soon_notified": 0,
    "expired_processed": 0,
    "expired_emails_sent": 0,
    "auto_renewed_gold": 0,
    "old_deleted_count": 0,
    "timestamp": "2026-08-05 02:00:02"
}
[2026-08-05 02:00:02] ========== KRAJ ==========
[2026-08-06 02:00:01] ========== START: Provera isteklih oglasa ==========
[2026-08-06 02:00:01] 📧 Poslato 0 obaveštenja za oglase koji ističu za 7 dana
[2026-08-06 02:00:01] 📌 Ukupno isteklih oglasa: 0
[2026-08-06 02:00:01] 📧 Poslato 0 emailova o isteku
[2026-08-06 02:00:01] 🔄 Automatski obnovljeno 0 GOLD oglasa
[2026-08-06 02:00:01] ========== IZVEŠTAJ ==========
[2026-08-06 02:00:01] {
    "expiring_soon_notified": 0,
    "expired_processed": 0,
    "expired_emails_sent": 0,
    "auto_renewed_gold": 0,
    "old_deleted_count": 0,
    "timestamp": "2026-08-06 02:00:01"
}
[2026-08-06 02:00:01] ========== KRAJ ==========
[2026-08-07 02:00:02] ========== START: Provera isteklih oglasa ==========
[2026-08-07 02:00:02] 📧 Poslato 0 obaveštenja za oglase koji ističu za 7 dana
[2026-08-07 02:00:02] 📌 Ukupno isteklih oglasa: 0
[2026-08-07 02:00:02] 📧 Poslato 0 emailova o isteku
[2026-08-07 02:00:03] 🔄 Automatski obnovljeno 0 GOLD oglasa
[2026-08-07 02:00:03] ========== IZVEŠTAJ ==========
[2026-08-07 02:00:03] {
    "expiring_soon_notified": 0,
    "expired_processed": 0,
    "expired_emails_sent": 0,
    "auto_renewed_gold": 0,
    "old_deleted_count": 0,
    "timestamp": "2026-08-07 02:00:03"
}
[2026-08-07 02:00:03] ========== KRAJ ==========
[2026-08-08 02:00:04] ========== START: Provera isteklih oglasa ==========
[2026-08-08 02:00:04] 📧 Poslato 0 obaveštenja za oglase koji ističu za 7 dana
[2026-08-08 02:00:04] 📌 Ukupno isteklih oglasa: 0
[2026-08-08 02:00:04] 📧 Poslato 0 emailova o isteku
[2026-08-08 02:00:04] 🔄 Automatski obnovljeno 0 GOLD oglasa
[2026-08-08 02:00:04] ========== IZVEŠTAJ ==========
[2026-08-08 02:00:04] {
    "expiring_soon_notified": 0,
    "expired_processed": 0,
    "expired_emails_sent": 0,
    "auto_renewed_gold": 0,
    "old_deleted_count": 0,
    "timestamp": "2026-08-08 02:00:04"
}
[2026-08-08 02:00:04] ========== KRAJ ==========
[2026-08-09 02:00:02] ========== START: Provera isteklih oglasa ==========
[2026-08-09 02:00:02] 📧 Poslato 0 obaveštenja za oglase koji ističu za 7 dana
[2026-08-09 02:00:02] 📌 Ukupno isteklih oglasa: 0
[2026-08-09 02:00:02] 📧 Poslato 0 emailova o isteku
[2026-08-09 02:00:02] 🔄 Automatski obnovljeno 0 GOLD oglasa
[2026-08-09 02:00:02] ========== IZVEŠTAJ ==========
[2026-08-09 02:00:02] {
    "expiring_soon_notified": 0,
    "expired_processed": 0,
    "expired_emails_sent": 0,
    "auto_renewed_gold": 0,
    "old_deleted_count": 0,
    "timestamp": "2026-08-09 02:00:02"
}
[2026-08-09 02:00:02] ========== KRAJ ==========
[2026-08-10 02:00:01] ========== START: Provera isteklih oglasa ==========
[2026-08-10 02:00:01] 📧 Poslato 0 obaveštenja za oglase koji ističu za 7 dana
[2026-08-10 02:00:01] 📌 Ukupno isteklih oglasa: 0
[2026-08-10 02:00:01] 📧 Poslato 0 emailova o isteku
[2026-08-10 02:00:01] 🔄 Automatski obnovljeno 0 GOLD oglasa
[2026-08-10 02:00:01] ========== IZVEŠTAJ ==========
[2026-08-10 02:00:01] {
    "expiring_soon_notified": 0,
    "expired_processed": 0,
    "expired_emails_sent": 0,
    "auto_renewed_gold": 0,
    "old_deleted_count": 0,
    "timestamp": "2026-08-10 02:00:01"
}
[2026-08-10 02:00:01] ========== KRAJ ==========
[2026-08-11 02:00:01] ========== START: Provera isteklih oglasa ==========
[2026-08-11 02:00:02] ✅ Obaveštenje poslato za oglas ID 51 - 'Trosed na razvlačenje sa policom' (ističe za 7 dana)
[2026-08-11 02:00:02] 📧 Poslato 1 obaveštenja za oglase koji ističu za 7 dana
[2026-08-11 02:00:02] 📌 Ukupno isteklih oglasa: 0
[2026-08-11 02:00:02] 📧 Poslato 0 emailova o isteku
[2026-08-11 02:00:02] 🔄 Automatski obnovljeno 0 GOLD oglasa
[2026-08-11 02:00:02] ========== IZVEŠTAJ ==========
[2026-08-11 02:00:02] {
    "expiring_soon_notified": 1,
    "expired_processed": 0,
    "expired_emails_sent": 0,
    "auto_renewed_gold": 0,
    "old_deleted_count": 0,
    "timestamp": "2026-08-11 02:00:02"
}
[2026-08-11 02:00:02] ========== KRAJ ==========
[2026-08-12 02:00:03] ========== START: Provera isteklih oglasa ==========
[2026-08-12 02:00:03] 📧 Poslato 0 obaveštenja za oglase koji ističu za 7 dana
[2026-08-12 02:00:03] 📌 Ukupno isteklih oglasa: 0
[2026-08-12 02:00:03] 📧 Poslato 0 emailova o isteku
[2026-08-12 02:00:03] 🔄 Automatski obnovljeno 0 GOLD oglasa
[2026-08-12 02:00:03] ========== IZVEŠTAJ ==========
[2026-08-12 02:00:03] {
    "expiring_soon_notified": 0,
    "expired_processed": 0,
    "expired_emails_sent": 0,
    "auto_renewed_gold": 0,
    "old_deleted_count": 0,
    "timestamp": "2026-08-12 02:00:03"
}
[2026-08-12 02:00:03] ========== KRAJ ==========
[2026-08-13 02:00:02] ========== START: Provera isteklih oglasa ==========
[2026-08-13 02:00:02] 📧 Poslato 0 obaveštenja za oglase koji ističu za 7 dana
[2026-08-13 02:00:02] 📌 Ukupno isteklih oglasa: 0
[2026-08-13 02:00:02] 📧 Poslato 0 emailova o isteku
[2026-08-13 02:00:02] 🔄 Automatski obnovljeno 0 GOLD oglasa
[2026-08-13 02:00:02] ========== IZVEŠTAJ ==========
[2026-08-13 02:00:02] {
    "expiring_soon_notified": 0,
    "expired_processed": 0,
    "expired_emails_sent": 0,
    "auto_renewed_gold": 0,
    "old_deleted_count": 0,
    "timestamp": "2026-08-13 02:00:02"
}
[2026-08-13 02:00:02] ========== KRAJ ==========
[2026-08-14 02:00:04] ========== START: Provera isteklih oglasa ==========
[2026-08-15 02:00:02] ========== START: Provera isteklih oglasa ==========
[2026-08-15 02:00:02] 📧 Poslato 0 obaveštenja za oglase koji ističu za 7 dana
[2026-08-15 02:00:02] 📌 Ukupno isteklih oglasa: 0
[2026-08-15 02:00:02] 📧 Poslato 0 emailova o isteku
[2026-08-15 02:00:02] 🔄 Automatski obnovljeno 0 GOLD oglasa
[2026-08-15 02:00:02] ========== IZVEŠTAJ ==========
[2026-08-15 02:00:02] {
    "expiring_soon_notified": 0,
    "expired_processed": 0,
    "expired_emails_sent": 0,
    "auto_renewed_gold": 0,
    "old_deleted_count": 0,
    "timestamp": "2026-08-15 02:00:02"
}
[2026-08-15 02:00:02] ========== KRAJ ==========
[2026-08-16 02:00:01] ========== START: Provera isteklih oglasa ==========
[2026-08-16 02:00:01] 📧 Poslato 0 obaveštenja za oglase koji ističu za 7 dana
[2026-08-16 02:00:01] 📌 Ukupno isteklih oglasa: 0
[2026-08-16 02:00:01] 📧 Poslato 0 emailova o isteku
[2026-08-16 02:00:01] 🔄 Automatski obnovljeno 0 GOLD oglasa
[2026-08-16 02:00:01] ========== IZVEŠTAJ ==========
[2026-08-16 02:00:01] {
    "expiring_soon_notified": 0,
    "expired_processed": 0,
    "expired_emails_sent": 0,
    "auto_renewed_gold": 0,
    "old_deleted_count": 0,
    "timestamp": "2026-08-16 02:00:01"
}
[2026-08-16 02:00:01] ========== KRAJ ==========
[2026-08-17 02:00:06] ========== START: Provera isteklih oglasa ==========
[2026-08-17 02:00:06] 📧 Poslato 0 obaveštenja za oglase koji ističu za 7 dana
[2026-08-17 02:00:06] 📌 Ukupno isteklih oglasa: 0
[2026-08-17 02:00:06] 📧 Poslato 0 emailova o isteku
[2026-08-17 02:00:06] 🔄 Automatski obnovljeno 0 GOLD oglasa
[2026-08-17 02:00:06] ========== IZVEŠTAJ ==========
[2026-08-17 02:00:06] {
    "expiring_soon_notified": 0,
    "expired_processed": 0,
    "expired_emails_sent": 0,
    "auto_renewed_gold": 0,
    "old_deleted_count": 0,
    "timestamp": "2026-08-17 02:00:06"
}
[2026-08-17 02:00:06] ========== KRAJ ==========
[2026-08-18 02:00:02] ========== START: Provera isteklih oglasa ==========
[2026-08-18 02:00:02] 📧 Poslato 0 obaveštenja za oglase koji ističu za 7 dana
[2026-08-18 02:00:02] ⏰ Oglas ID 51 - 'Trosed na razvlačenje sa policom' je postavljen na status 'expired'
[2026-08-18 02:00:02] 📧 Email o isteku poslat za oglas ID 51
[2026-08-18 02:00:02] 📌 Ukupno isteklih oglasa: 1
[2026-08-18 02:00:02] 📧 Poslato 1 emailova o isteku
[2026-08-18 02:00:02] 🔄 Automatski obnovljeno 0 GOLD oglasa
[2026-08-18 02:00:02] ========== IZVEŠTAJ ==========
[2026-08-18 02:00:02] {
    "expiring_soon_notified": 0,
    "expired_processed": 1,
    "expired_emails_sent": 1,
    "auto_renewed_gold": 0,
    "old_deleted_count": 0,
    "timestamp": "2026-08-18 02:00:02"
}
[2026-08-18 02:00:02] ========== KRAJ ==========
[2026-08-19 02:00:02] ========== START: Provera isteklih oglasa ==========
[2026-08-19 02:00:02] 📧 Poslato 0 obaveštenja za oglase koji ističu za 7 dana
[2026-08-19 02:00:02] 📌 Ukupno isteklih oglasa: 0
[2026-08-19 02:00:02] 📧 Poslato 0 emailova o isteku
[2026-08-19 02:00:02] 🔄 Automatski obnovljeno 0 GOLD oglasa
[2026-08-19 02:00:02] ========== IZVEŠTAJ ==========
[2026-08-19 02:00:02] {
    "expiring_soon_notified": 0,
    "expired_processed": 0,
    "expired_emails_sent": 0,
    "auto_renewed_gold": 0,
    "old_deleted_count": 0,
    "timestamp": "2026-08-19 02:00:02"
}
[2026-08-19 02:00:02] ========== KRAJ ==========
[2026-08-20 02:00:05] ========== START: Provera isteklih oglasa ==========
[2026-08-20 02:00:05] 📧 Poslato 0 obaveštenja za oglase koji ističu za 7 dana
[2026-08-20 02:00:05] 📌 Ukupno isteklih oglasa: 0
[2026-08-20 02:00:05] 📧 Poslato 0 emailova o isteku
[2026-08-20 02:00:05] 🔄 Automatski obnovljeno 0 GOLD oglasa
[2026-08-20 02:00:05] ========== IZVEŠTAJ ==========
[2026-08-20 02:00:05] {
    "expiring_soon_notified": 0,
    "expired_processed": 0,
    "expired_emails_sent": 0,
    "auto_renewed_gold": 0,
    "old_deleted_count": 0,
    "timestamp": "2026-08-20 02:00:05"
}
[2026-08-20 02:00:05] ========== KRAJ ==========
[2026-08-21 02:00:04] ========== START: Provera isteklih oglasa ==========
[2026-08-21 02:00:05] 📧 Poslato 0 obaveštenja za oglase koji ističu za 7 dana
[2026-08-21 02:00:05] 📌 Ukupno isteklih oglasa: 0
[2026-08-21 02:00:05] 📧 Poslato 0 emailova o isteku
[2026-08-21 02:00:05] 🔄 Automatski obnovljeno 0 GOLD oglasa
[2026-08-21 02:00:05] ========== IZVEŠTAJ ==========
[2026-08-21 02:00:05] {
    "expiring_soon_notified": 0,
    "expired_processed": 0,
    "expired_emails_sent": 0,
    "auto_renewed_gold": 0,
    "old_deleted_count": 0,
    "timestamp": "2026-08-21 02:00:05"
}
[2026-08-21 02:00:05] ========== KRAJ ==========
[2026-08-22 02:00:03] ========== START: Provera isteklih oglasa ==========
[2026-08-22 02:00:03] 📧 Poslato 0 obaveštenja za oglase koji ističu za 7 dana
[2026-08-22 02:00:03] 📌 Ukupno isteklih oglasa: 0
[2026-08-22 02:00:03] 📧 Poslato 0 emailova o isteku
[2026-08-22 02:00:03] 🔄 Automatski obnovljeno 0 GOLD oglasa
[2026-08-22 02:00:03] ========== IZVEŠTAJ ==========
[2026-08-22 02:00:03] {
    "expiring_soon_notified": 0,
    "expired_processed": 0,
    "expired_emails_sent": 0,
    "auto_renewed_gold": 0,
    "old_deleted_count": 0,
    "timestamp": "2026-08-22 02:00:03"
}
[2026-08-22 02:00:03] ========== KRAJ ==========
[2026-08-23 02:00:01] ========== START: Provera isteklih oglasa ==========
[2026-08-23 02:00:01] 📧 Poslato 0 obaveštenja za oglase koji ističu za 7 dana
[2026-08-23 02:00:01] 📌 Ukupno isteklih oglasa: 0
[2026-08-23 02:00:01] 📧 Poslato 0 emailova o isteku
[2026-08-23 02:00:01] 🔄 Automatski obnovljeno 0 GOLD oglasa
[2026-08-23 02:00:01] 🗑️ Starih obrisanih oglasa (starijih od 90 dana): 2
[2026-08-23 02:00:01] ========== IZVEŠTAJ ==========
[2026-08-23 02:00:01] {
    "expiring_soon_notified": 0,
    "expired_processed": 0,
    "expired_emails_sent": 0,
    "auto_renewed_gold": 0,
    "old_deleted_count": 2,
    "timestamp": "2026-08-23 02:00:01"
}
[2026-08-23 02:00:01] ========== KRAJ ==========
[2026-08-24 02:00:02] ========== START: Provera isteklih oglasa ==========
[2026-08-24 02:00:02] 📧 Poslato 0 obaveštenja za oglase koji ističu za 7 dana
[2026-08-24 02:00:02] 📌 Ukupno isteklih oglasa: 0
[2026-08-24 02:00:02] 📧 Poslato 0 emailova o isteku
[2026-08-24 02:00:02] 🔄 Automatski obnovljeno 0 GOLD oglasa
[2026-08-24 02:00:02] 🗑️ Starih obrisanih oglasa (starijih od 90 dana): 2
[2026-08-24 02:00:02] ========== IZVEŠTAJ ==========
[2026-08-24 02:00:02] {
    "expiring_soon_notified": 0,
    "expired_processed": 0,
    "expired_emails_sent": 0,
    "auto_renewed_gold": 0,
    "old_deleted_count": 2,
    "timestamp": "2026-08-24 02:00:02"
}
[2026-08-24 02:00:02] ========== KRAJ ==========
[2026-08-25 02:00:01] ========== START: Provera isteklih oglasa ==========
[2026-08-25 02:00:01] ✅ Obaveštenje poslato za oglas ID 52 - 'Muske majice' (ističe za 7 dana)
[2026-08-25 02:00:01] 📧 Poslato 1 obaveštenja za oglase koji ističu za 7 dana
[2026-08-25 02:00:01] 📌 Ukupno isteklih oglasa: 0
[2026-08-25 02:00:01] 📧 Poslato 0 emailova o isteku
[2026-08-25 02:00:01] 🔄 Automatski obnovljeno 0 GOLD oglasa
[2026-08-25 02:00:01] 🗑️ Starih obrisanih oglasa (starijih od 90 dana): 2
[2026-08-25 02:00:01] ========== IZVEŠTAJ ==========
[2026-08-25 02:00:01] {
    "expiring_soon_notified": 1,
    "expired_processed": 0,
    "expired_emails_sent": 0,
    "auto_renewed_gold": 0,
    "old_deleted_count": 2,
    "timestamp": "2026-08-25 02:00:01"
}
[2026-08-25 02:00:01] ========== KRAJ ==========
[2026-08-26 02:00:01] ========== START: Provera isteklih oglasa ==========
[2026-08-26 02:00:02] ✅ Obaveštenje poslato za oglas ID 53 - 'Kombinezon  ' (ističe za 7 dana)
[2026-08-26 02:00:02] ✅ Obaveštenje poslato za oglas ID 54 - '🩷New,,Heaven’’dress🩷 Velicine:S M L  ' (ističe za 7 dana)
[2026-08-26 02:00:02] 📧 Poslato 2 obaveštenja za oglase koji ističu za 7 dana
[2026-08-26 02:00:02] 📌 Ukupno isteklih oglasa: 0
[2026-08-26 02:00:02] 📧 Poslato 0 emailova o isteku
[2026-08-26 02:00:02] 🔄 Automatski obnovljeno 0 GOLD oglasa
[2026-08-26 02:00:02] 🗑️ Starih obrisanih oglasa (starijih od 90 dana): 2
[2026-08-26 02:00:02] ========== IZVEŠTAJ ==========
[2026-08-26 02:00:02] {
    "expiring_soon_notified": 2,
    "expired_processed": 0,
    "expired_emails_sent": 0,
    "auto_renewed_gold": 0,
    "old_deleted_count": 2,
    "timestamp": "2026-08-26 02:00:02"
}
[2026-08-26 02:00:02] ========== KRAJ ==========
[2026-08-27 02:00:07] ========== START: Provera isteklih oglasa ==========
[2026-08-27 02:00:08] ✅ Obaveštenje poslato za oglas ID 55 - 'rasprodaja,veci brojevi' (ističe za 7 dana)
[2026-08-27 02:00:08] ✅ Obaveštenje poslato za oglas ID 56 - 'Maska maglenke' (ističe za 7 dana)
[2026-08-27 02:00:09] ✅ Obaveštenje poslato za oglas ID 57 - 'Maska branika' (ističe za 7 dana)
[2026-08-27 02:00:09] ✅ Obaveštenje poslato za oglas ID 58 - 'Parfemi 4 komada' (ističe za 7 dana)
[2026-08-27 02:00:09] ✅ Obaveštenje poslato za oglas ID 59 - 'Kada gepeka Audi A6' (ističe za 7 dana)
[2026-08-27 02:00:09] 📧 Poslato 5 obaveštenja za oglase koji ističu za 7 dana
[2026-08-27 02:00:09] 📌 Ukupno isteklih oglasa: 0
[2026-08-27 02:00:09] 📧 Poslato 0 emailova o isteku
[2026-08-27 02:00:09] 🔄 Automatski obnovljeno 0 GOLD oglasa
[2026-08-27 02:00:09] 🗑️ Starih obrisanih oglasa (starijih od 90 dana): 2
[2026-08-27 02:00:09] ========== IZVEŠTAJ ==========
[2026-08-27 02:00:09] {
    "expiring_soon_notified": 5,
    "expired_processed": 0,
    "expired_emails_sent": 0,
    "auto_renewed_gold": 0,
    "old_deleted_count": 2,
    "timestamp": "2026-08-27 02:00:09"
}
[2026-08-27 02:00:09] ========== KRAJ ==========
[2026-08-28 02:00:07] ========== START: Provera isteklih oglasa ==========
[2026-08-28 02:00:08] ✅ Obaveštenje poslato za oglas ID 60 - 'FÉG parapetna gasna peć/kotao' (ističe za 7 dana)
[2026-08-28 02:00:08] ✅ Obaveštenje poslato za oglas ID 61 - 'LEGO 60463 – Vatrogasni kamion - NOV!' (ističe za 7 dana)
[2026-08-28 02:00:08] 📧 Poslato 2 obaveštenja za oglase koji ističu za 7 dana
[2026-08-28 02:00:08] 📌 Ukupno isteklih oglasa: 0
[2026-08-28 02:00:08] 📧 Poslato 0 emailova o isteku
[2026-08-28 02:00:08] 🔄 Automatski obnovljeno 0 GOLD oglasa
[2026-08-28 02:00:08] 🗑️ Starih obrisanih oglasa (starijih od 90 dana): 2
[2026-08-28 02:00:08] ========== IZVEŠTAJ ==========
[2026-08-28 02:00:08] {
    "expiring_soon_notified": 2,
    "expired_processed": 0,
    "expired_emails_sent": 0,
    "auto_renewed_gold": 0,
    "old_deleted_count": 2,
    "timestamp": "2026-08-28 02:00:08"
}
[2026-08-28 02:00:08] ========== KRAJ ==========
[2026-08-29 02:00:09] ========== START: Provera isteklih oglasa ==========
[2026-08-29 02:00:09] 📧 Poslato 0 obaveštenja za oglase koji ističu za 7 dana
[2026-08-29 02:00:09] 📌 Ukupno isteklih oglasa: 0
[2026-08-29 02:00:09] 📧 Poslato 0 emailova o isteku
[2026-08-29 02:00:09] 🔄 Automatski obnovljeno 0 GOLD oglasa
[2026-08-29 02:00:09] 🗑️ Starih obrisanih oglasa (starijih od 90 dana): 2
[2026-08-29 02:00:09] ========== IZVEŠTAJ ==========
[2026-08-29 02:00:09] {
    "expiring_soon_notified": 0,
    "expired_processed": 0,
    "expired_emails_sent": 0,
    "auto_renewed_gold": 0,
    "old_deleted_count": 2,
    "timestamp": "2026-08-29 02:00:09"
}
[2026-08-29 02:00:09] ========== KRAJ ==========
[2026-08-30 02:00:01] ========== START: Provera isteklih oglasa ==========
[2026-08-30 02:00:01] 📧 Poslato 0 obaveštenja za oglase koji ističu za 7 dana
[2026-08-30 02:00:01] 📌 Ukupno isteklih oglasa: 0
[2026-08-30 02:00:01] 📧 Poslato 0 emailova o isteku
[2026-08-30 02:00:01] 🔄 Automatski obnovljeno 0 GOLD oglasa
[2026-08-30 02:00:01] 🗑️ Starih obrisanih oglasa (starijih od 90 dana): 4
[2026-08-30 02:00:01] ========== IZVEŠTAJ ==========
[2026-08-30 02:00:01] {
    "expiring_soon_notified": 0,
    "expired_processed": 0,
    "expired_emails_sent": 0,
    "auto_renewed_gold": 0,
    "old_deleted_count": 4,
    "timestamp": "2026-08-30 02:00:01"
}
[2026-08-30 02:00:01] ========== KRAJ ==========
